Archive member included because of file (symbol)

.\CortexM3\ARM_GCC_441\Debug\STRDS.a(LCD.o)
                              .\CortexM3\ARM_GCC_441\Debug\main.o (LCD_Start)
.\CortexM3\ARM_GCC_441\Debug\STRDS.a(MSG_1.o)
                              .\CortexM3\ARM_GCC_441\Debug\main.o (MSG_1_Start)
.\CortexM3\ARM_GCC_441\Debug\STRDS.a(MAD_1.o)
                              .\CortexM3\ARM_GCC_441\Debug\main.o (MAD_1_Start)
.\CortexM3\ARM_GCC_441\Debug\STRDS.a(MAD_1_INT.o)
                              .\CortexM3\ARM_GCC_441\Debug\STRDS.a(MAD_1.o) (MAD_1_ISR)
.\CortexM3\ARM_GCC_441\Debug\STRDS.a(isr_1.o)
                              .\CortexM3\ARM_GCC_441\Debug\main.o (isr_1_Start)
.\CortexM3\ARM_GCC_441\Debug\STRDS.a(Timer.o)
                              .\CortexM3\ARM_GCC_441\Debug\main.o (Timer_Start)
.\CortexM3\ARM_GCC_441\Debug\STRDS.a(MAD_1_theACLK.o)
                              .\CortexM3\ARM_GCC_441\Debug\STRDS.a(MAD_1.o) (MAD_1_theACLK_SetModeRegister)
.\CortexM3\ARM_GCC_441\Debug\STRDS.a(CyBootAsmGnu.o)
                              .\CortexM3\ARM_GCC_441\Debug\STRDS.a(MSG_1.o) (CyEnterCriticalSection)
.\CortexM3\ARM_GCC_441\Debug\STRDS.a(CyLib.o)
                              .\CortexM3\ARM_GCC_441\Debug\Cm3Start.o (CyResetStatus)
.\CortexM3\ARM_GCC_441\Debug\STRDS.a(cyPm.o)
                              .\CortexM3\ARM_GCC_441\Debug\STRDS.a(CyLib.o) (CyPmReadStatus)
.\CortexM3\ARM_GCC_441\Debug\STRDS.a(MAD_2.o)
                              .\CortexM3\ARM_GCC_441\Debug\main.o (MAD_2_Start)
.\CortexM3\ARM_GCC_441\Debug\STRDS.a(MAD_2_INT.o)
                              .\CortexM3\ARM_GCC_441\Debug\STRDS.a(MAD_2.o) (MAD_2_ISR)
.\CortexM3\ARM_GCC_441\Debug\STRDS.a(MAD_2_theACLK.o)
                              .\CortexM3\ARM_GCC_441\Debug\STRDS.a(MAD_2.o) (MAD_2_theACLK_SetModeRegister)
.\CortexM3\ARM_GCC_441\Debug\STRDS.a(PINO_PROCESSAMENTO.o)
                              .\CortexM3\ARM_GCC_441\Debug\main.o (PINO_PROCESSAMENTO_Write)
.\CortexM3\ARM_GCC_441\Debug\STRDS.a(cyfitter_cfg.o)
                              .\CortexM3\ARM_GCC_441\Debug\Cm3Start.o (cyfitter_cfg)
.\CortexM3\ARM_GCC_441\Debug\STRDS.a(CyFlash.o)
                              .\CortexM3\ARM_GCC_441\Debug\STRDS.a(cyPm.o) (CyFlash_SetWaitCycles)
.\CortexM3\ARM_GCC_441\Debug\STRDS.a(CySpc.o)
                              .\CortexM3\ARM_GCC_441\Debug\STRDS.a(CyFlash.o) (CySpcStart)
c:/program files (x86)/cypress/psoc creator/2.2/psoc creator/import/gnu_cs/arm/4.4.1/bin/../lib/gcc/arm-none-eabi/4.4.1/../../../../arm-none-eabi/lib/thumb2\libm.a(lib_a-s_sin.o)
                              .\CortexM3\ARM_GCC_441\Debug\main.o (sin)
c:/program files (x86)/cypress/psoc creator/2.2/psoc creator/import/gnu_cs/arm/4.4.1/bin/../lib/gcc/arm-none-eabi/4.4.1/../../../../arm-none-eabi/lib/thumb2\libm.a(lib_a-e_rem_pio2.o)
                              c:/program files (x86)/cypress/psoc creator/2.2/psoc creator/import/gnu_cs/arm/4.4.1/bin/../lib/gcc/arm-none-eabi/4.4.1/../../../../arm-none-eabi/lib/thumb2\libm.a(lib_a-s_sin.o) (__ieee754_rem_pio2)
c:/program files (x86)/cypress/psoc creator/2.2/psoc creator/import/gnu_cs/arm/4.4.1/bin/../lib/gcc/arm-none-eabi/4.4.1/../../../../arm-none-eabi/lib/thumb2\libm.a(lib_a-k_cos.o)
                              c:/program files (x86)/cypress/psoc creator/2.2/psoc creator/import/gnu_cs/arm/4.4.1/bin/../lib/gcc/arm-none-eabi/4.4.1/../../../../arm-none-eabi/lib/thumb2\libm.a(lib_a-s_sin.o) (__kernel_cos)
c:/program files (x86)/cypress/psoc creator/2.2/psoc creator/import/gnu_cs/arm/4.4.1/bin/../lib/gcc/arm-none-eabi/4.4.1/../../../../arm-none-eabi/lib/thumb2\libm.a(lib_a-k_rem_pio2.o)
                              c:/program files (x86)/cypress/psoc creator/2.2/psoc creator/import/gnu_cs/arm/4.4.1/bin/../lib/gcc/arm-none-eabi/4.4.1/../../../../arm-none-eabi/lib/thumb2\libm.a(lib_a-e_rem_pio2.o) (__kernel_rem_pio2)
c:/program files (x86)/cypress/psoc creator/2.2/psoc creator/import/gnu_cs/arm/4.4.1/bin/../lib/gcc/arm-none-eabi/4.4.1/../../../../arm-none-eabi/lib/thumb2\libm.a(lib_a-k_sin.o)
                              c:/program files (x86)/cypress/psoc creator/2.2/psoc creator/import/gnu_cs/arm/4.4.1/bin/../lib/gcc/arm-none-eabi/4.4.1/../../../../arm-none-eabi/lib/thumb2\libm.a(lib_a-s_sin.o) (__kernel_sin)
c:/program files (x86)/cypress/psoc creator/2.2/psoc creator/import/gnu_cs/arm/4.4.1/bin/../lib/gcc/arm-none-eabi/4.4.1/../../../../arm-none-eabi/lib/thumb2\libm.a(lib_a-s_fabs.o)
                              c:/program files (x86)/cypress/psoc creator/2.2/psoc creator/import/gnu_cs/arm/4.4.1/bin/../lib/gcc/arm-none-eabi/4.4.1/../../../../arm-none-eabi/lib/thumb2\libm.a(lib_a-e_rem_pio2.o) (fabs)
c:/program files (x86)/cypress/psoc creator/2.2/psoc creator/import/gnu_cs/arm/4.4.1/bin/../lib/gcc/arm-none-eabi/4.4.1/../../../../arm-none-eabi/lib/thumb2\libm.a(lib_a-s_floor.o)
[...]
Memory Configuration

Name             Origin             Length             Attributes
rom              0x00000000         0x00040000         xr
ram              0x1fff8000         0x0000b000         xrw
*default*        0x00000000         0xffffffff

Linker script and memory map

LOAD c:/program files (x86)/cypress/psoc creator/2.2/psoc creator/import/gnu_cs/arm/4.4.1/bin/../lib/gcc/arm-none-eabi/4.4.1/thumb2/crti.o
LOAD c:/program files (x86)/cypress/psoc creator/2.2/psoc creator/import/gnu_cs/arm/4.4.1/bin/../lib/gcc/arm-none-eabi/4.4.1/thumb2/crtbegin.o
START GROUP
LOAD .\CortexM3\ARM_GCC_441\Debug\main.o
LOAD .\CortexM3\ARM_GCC_441\Debug\Cm3Start.o
LOAD .\CortexM3\ARM_GCC_441\Debug\STRDS.a
LOAD C:\Program Files (x86)\Cypress\PSoC Creator\2.2\PSoC Creator\psoc\content\cycomponentlibrary\CyComponentLibrary.cylib\CortexM3\ARM_GCC_441\Debug\CyComponentLibrary.a
LOAD c:/program files (x86)/cypress/psoc creator/2.2/psoc creator/import/gnu_cs/arm/4.4.1/bin/../lib/gcc/arm-none-eabi/4.4.1/../../../../arm-none-eabi/lib/thumb2\libm.a
END GROUP
START GROUP
LOAD c:/program files (x86)/cypress/psoc creator/2.2/psoc creator/import/gnu_cs/arm/4.4.1/bin/../lib/gcc/arm-none-eabi/4.4.1/thumb2\libgcc.a
LOAD c:/program files (x86)/cypress/psoc creator/2.2/psoc creator/import/gnu_cs/arm/4.4.1/bin/../lib/gcc/arm-none-eabi/4.4.1/../../../../arm-none-eabi/lib/thumb2\libc.a
END GROUP
LOAD c:/program files (x86)/cypress/psoc creator/2.2/psoc creator/import/gnu_cs/arm/4.4.1/bin/../lib/gcc/arm-none-eabi/4.4.1/thumb2/crtend.o
LOAD c:/program files (x86)/cypress/psoc creator/2.2/psoc creator/import/gnu_cs/arm/4.4.1/bin/../lib/gcc/arm-none-eabi/4.4.1/thumb2/crtn.o
START GROUP
LOAD c:/program files (x86)/cypress/psoc creator/2.2/psoc creator/import/gnu_cs/arm/4.4.1/bin/../lib/gcc/arm-none-eabi/4.4.1/thumb2\libgcc.a
LOAD c:/program files (x86)/cypress/psoc creator/2.2/psoc creator/import/gnu_cs/arm/4.4.1/bin/../lib/gcc/arm-none-eabi/4.4.1/../../../../arm-none-eabi/lib/thumb2\libc.a
LOAD c:/program files (x86)/cypress/psoc creator/2.2/psoc creator/import/gnu_cs/arm/4.4.1/bin/../lib/gcc/arm-none-eabi/4.4.1/../../../../arm-none-eabi/lib/thumb2\libcs3.a
LOAD c:/program files (x86)/cypress/psoc creator/2.2/psoc creator/import/gnu_cs/arm/4.4.1/bin/../lib/gcc/arm-none-eabi/4.4.1/../../../../arm-none-eabi/lib/thumb2\libcs3unhosted.a
LOAD c:/program files (x86)/cypress/psoc creator/2.2/psoc creator/import/gnu_cs/arm/4.4.1/bin/../lib/gcc/arm-none-eabi/4.4.1/../../../../arm-none-eabi/lib/thumb2\libcs3micro.a
END GROUP
                0x1fff86e8                PROVIDE (__cs3_heap_start, _end)
                0x00000001                PROVIDE (__cs3_region_num, ((__cs3_regions_end - __cs3_regions) / 0x14))
                0x20008000                PROVIDE (__cs3_stack, 0x20008000)
                0x20004000                PROVIDE (__cs3_heap_end, (__cs3_stack - 0x4000))

.text           0x00000000     0x8fd4
 CREATE_OBJECT_SYMBOLS
                0x00000000                PROVIDE (__cs3_interrupt_vector, RomVectors)
 *(.romvectors)
 .romvectors    0x00000000       0x10 .\CortexM3\ARM_GCC_441\Debug\Cm3Start.o
                0x00000000                RomVectors
 *(.cs3.interrupt_vector)
                0x00000001                ASSERT ((. != __cs3_interrupt_vector), No interrupt vector)
                0x00000624                PROVIDE (__cs3_reset, Reset)
 *(.cs3.reset)
                0x00000001                ASSERT ((. != __cs3_reset), No reset code)
 *(.dma_init)
                0x00000001                ASSERT ((((0x0 + .) <= 0x10000) || 0x1), DMA Init must be within the first 64k of flash)
 *(.text.cs3.init)
 .text.cs3.init
                0x00000010       0x5c c:/program files (x86)/cypress/psoc creator/2.2/psoc creator/import/gnu_cs/arm/4.4.1/bin/../lib/gcc/arm-none-eabi/4.4.1/../../../../arm-none-eabi/lib/thumb2\libcs3.a(start_c.o)
                0x00000010                __cs3_start_c
 *(.text .text.* .gnu.linkonce.t.*)
 .text          0x0000006c       0x30 c:/program files (x86)/cypress/psoc creator/2.2/psoc creator/import/gnu_cs/arm/4.4.1/bin/../lib/gcc/arm-none-eabi/4.4.1/thumb2/crtbegin.o
 *fill*         0x0000009c        0x4 00
 .text.sleep    0x000000a0      0x168 .\CortexM3\ARM_GCC_441\Debug\main.o
                0x000000a0                sleep
 .text.init     0x00000208       0x2c .\CortexM3\ARM_GCC_441\Debug\main.o
                0x00000208                init
 .text.main     0x00000234      0x114 .\CortexM3\ARM_GCC_441\Debug\main.o
                0x00000234                main
 .text.vehicle_mod
                0x00000348      0x26c .\CortexM3\ARM_GCC_441\Debug\main.o
                0x00000348                vehicle_mod
 .text.sgn      0x000005b4       0x68 .\CortexM3\ARM_GCC_441\Debug\main.o
                0x000005b4                sgn
 .text.IntDefaultHandler
                0x0000061c        0x8 .\CortexM3\ARM_GCC_441\Debug\Cm3Start.o
                0x0000061c                IntDefaultHandler
 .text.Reset    0x00000624       0x24 .\CortexM3\ARM_GCC_441\Debug\Cm3Start.o
                0x00000624                Reset
 .text.initialize_psoc
                0x00000648       0xb4 .\CortexM3\ARM_GCC_441\Debug\Cm3Start.o
                0x00000648                initialize_psoc
 .text.LCD_Init
                0x000006fc       0x90 .\CortexM3\ARM_GCC_441\Debug\STRDS.a(LCD.o)
                0x000006fc                LCD_Init
 .text.LCD_Enable
                0x0000078c       0x1c .\CortexM3\ARM_GCC_441\Debug\STRDS.a(LCD.o)
                0x0000078c                LCD_Enable
 .text.LCD_Start
                0x000007a8       0x2c .\CortexM3\ARM_GCC_441\Debug\STRDS.a(LCD.o)
                0x000007a8                LCD_Start
 .text.LCD_Position
                0x000007d4       0x74 .\CortexM3\ARM_GCC_441\Debug\STRDS.a(LCD.o)
                0x000007d4                LCD_Position
 .text.LCD_PrintString
                0x00000848       0x40 .\CortexM3\ARM_GCC_441\Debug\STRDS.a(LCD.o)
                0x00000848                LCD_PrintString
 .text.LCD_WriteData
                0x00000888       0x38 .\CortexM3\ARM_GCC_441\Debug\STRDS.a(LCD.o)
                0x00000888                LCD_WriteData
 .text.LCD_WriteControl
                0x000008c0       0x38 .\CortexM3\ARM_GCC_441\Debug\STRDS.a(LCD.o)
                0x000008c0                LCD_WriteControl
 .text.LCD_IsReady
                0x000008f8      0x1fc .\CortexM3\ARM_GCC_441\Debug\STRDS.a(LCD.o)
                0x000008f8                LCD_IsReady
 .text.LCD_WrDatNib
                0x00000af4       0xac .\CortexM3\ARM_GCC_441\Debug\STRDS.a(LCD.o)
 .text.LCD_WrCntrlNib
                0x00000ba0       0x8c .\CortexM3\ARM_GCC_441\Debug\STRDS.a(LCD.o)
 .text.MSG_1_Init
                0x00000c2c       0x34 .\CortexM3\ARM_GCC_441\Debug\STRDS.a(MSG_1.o)
                0x00000c2c                MSG_1_Init
 .text.MSG_1_Enable
                0x00000c60       0x74 .\CortexM3\ARM_GCC_441\Debug\STRDS.a(MSG_1.o)
                0x00000c60                MSG_1_Enable
 .text.MSG_1_Start
                0x00000cd4       0x34 .\CortexM3\ARM_GCC_441\Debug\STRDS.a(MSG_1.o)
                0x00000cd4                MSG_1_Start
 .text.MSG_1_SetSpeed
                0x00000d08       0x50 .\CortexM3\ARM_GCC_441\Debug\STRDS.a(MSG_1.o)
                0x00000d08                MSG_1_SetSpeed
 .text.MSG_1_SetRange
                0x00000d58       0x54 .\CortexM3\ARM_GCC_441\Debug\STRDS.a(MSG_1.o)
                0x00000d58                MSG_1_SetRange
 .text.MSG_1_SetValue
                0x00000dac       0x3c .\CortexM3\ARM_GCC_441\Debug\STRDS.a(MSG_1.o)
                0x00000dac                MSG_1_SetValue
 .text.MSG_1_DacTrim
                0x00000de8       0x44 .\CortexM3\ARM_GCC_441\Debug\STRDS.a(MSG_1.o)
                0x00000de8                MSG_1_DacTrim
 .text.MAD_1_Start
                0x00000e2c       0x2c .\CortexM3\ARM_GCC_441\Debug\STRDS.a(MAD_1.o)
                0x00000e2c                MAD_1_Start
 .text.MAD_1_Init
                0x00000e58       0x5c .\CortexM3\ARM_GCC_441\Debug\STRDS.a(MAD_1.o)
                0x00000e58                MAD_1_Init
 .text.MAD_1_Enable
                0x00000eb4      0x178 .\CortexM3\ARM_GCC_441\Debug\STRDS.a(MAD_1.o)
                0x00000eb4                MAD_1_Enable
 .text.MAD_1_SetResolution
                0x0000102c       0x68 .\CortexM3\ARM_GCC_441\Debug\STRDS.a(MAD_1.o)
                0x0000102c                MAD_1_SetResolution
 .text.MAD_1_CalcGain
                0x00001094       0x84 .\CortexM3\ARM_GCC_441\Debug\STRDS.a(MAD_1.o)
 .text.MAD_1_ISR
                0x00001118        0xc .\CortexM3\ARM_GCC_441\Debug\STRDS.a(MAD_1_INT.o)
                0x00001118                MAD_1_ISR
 .text.isr_1_Start
                0x00001124       0x24 .\CortexM3\ARM_GCC_441\Debug\STRDS.a(isr_1.o)
                0x00001124                isr_1_Start
 .text.isr_1_Interrupt
                0x00001148        0xc .\CortexM3\ARM_GCC_441\Debug\STRDS.a(isr_1.o)
                0x00001148                isr_1_Interrupt
 .text.isr_1_SetVector
                0x00001154       0x28 .\CortexM3\ARM_GCC_441\Debug\STRDS.a(isr_1.o)
                0x00001154                isr_1_SetVector
 .text.isr_1_SetPriority
                0x0000117c       0x28 .\CortexM3\ARM_GCC_441\Debug\STRDS.a(isr_1.o)
                0x0000117c                isr_1_SetPriority
 .text.isr_1_Enable
                0x000011a4       0x18 .\CortexM3\ARM_GCC_441\Debug\STRDS.a(isr_1.o)
                0x000011a4                isr_1_Enable
 .text.isr_1_Disable
                0x000011bc       0x18 .\CortexM3\ARM_GCC_441\Debug\STRDS.a(isr_1.o)
                0x000011bc                isr_1_Disable
 .text.Timer_Init
                0x000011d4       0xdc .\CortexM3\ARM_GCC_441\Debug\STRDS.a(Timer.o)
                0x000011d4                Timer_Init
 .text.Timer_Enable
                0x000012b0       0x60 .\CortexM3\ARM_GCC_441\Debug\STRDS.a(Timer.o)
                0x000012b0                Timer_Enable
 .text.Timer_Start
                0x00001310       0x2c .\CortexM3\ARM_GCC_441\Debug\STRDS.a(Timer.o)
                0x00001310                Timer_Start
 .text.Timer_SetInterruptMode
                0x0000133c       0x20 .\CortexM3\ARM_GCC_441\Debug\STRDS.a(Timer.o)
                0x0000133c                Timer_SetInterruptMode
 .text.Timer_WritePeriod
                0x0000135c       0x24 .\CortexM3\ARM_GCC_441\Debug\STRDS.a(Timer.o)
                0x0000135c                Timer_WritePeriod
 .text.Timer_WriteCounter
                0x00001380       0x20 .\CortexM3\ARM_GCC_441\Debug\STRDS.a(Timer.o)
                0x00001380                Timer_WriteCounter
 .text.MAD_1_theACLK_SetModeRegister
                0x000013a0       0x3c .\CortexM3\ARM_GCC_441\Debug\STRDS.a(MAD_1_theACLK.o)
                0x000013a0                MAD_1_theACLK_SetModeRegister
 *fill*         0x000013dc        0x4 00
 .text          0x000013e0       0x20 .\CortexM3\ARM_GCC_441\Debug\STRDS.a(CyBootAsmGnu.o)
                0x000013e0                CyDelayCycles
                0x000013f0                CyEnterCriticalSection
                0x000013f8                CyExitCriticalSection
 .text.CyHalt   0x00001400       0x18 .\CortexM3\ARM_GCC_441\Debug\STRDS.a(CyLib.o)
                0x00001400                CyHalt
 .text.CyDelay  0x00001418       0x48 .\CortexM3\ARM_GCC_441\Debug\STRDS.a(CyLib.o)
                0x00001418                CyDelay
 .text.CyDelayUs
                0x00001460       0x28 .\CortexM3\ARM_GCC_441\Debug\STRDS.a(CyLib.o)
                0x00001460                CyDelayUs
 .text.CyIntSetVector
                0x00001488       0x60 .\CortexM3\ARM_GCC_441\Debug\STRDS.a(CyLib.o)
                0x00001488                CyIntSetVector
 .text.CyIntSetPriority
                0x000014e8       0x4c .\CortexM3\ARM_GCC_441\Debug\STRDS.a(CyLib.o)
                0x000014e8                CyIntSetPriority
 .text.MAD_2_Start
                0x00001534       0x2c .\CortexM3\ARM_GCC_441\Debug\STRDS.a(MAD_2.o)
                0x00001534                MAD_2_Start
 .text.MAD_2_Init
                0x00001560       0x5c .\CortexM3\ARM_GCC_441\Debug\STRDS.a(MAD_2.o)
                0x00001560                MAD_2_Init
 .text.MAD_2_Enable
                0x000015bc      0x178 .\CortexM3\ARM_GCC_441\Debug\STRDS.a(MAD_2.o)
                0x000015bc                MAD_2_Enable
 .text.MAD_2_SetResolution
                0x00001734       0x68 .\CortexM3\ARM_GCC_441\Debug\STRDS.a(MAD_2.o)
                0x00001734                MAD_2_SetResolution
 .text.MAD_2_CalcGain
                0x0000179c       0x84 .\CortexM3\ARM_GCC_441\Debug\STRDS.a(MAD_2.o)
 .text.MAD_2_ISR
                0x00001820        0xc .\CortexM3\ARM_GCC_441\Debug\STRDS.a(MAD_2_INT.o)
                0x00001820                MAD_2_ISR
 .text.MAD_2_theACLK_SetModeRegister
                0x0000182c       0x3c .\CortexM3\ARM_GCC_441\Debug\STRDS.a(MAD_2_theACLK.o)
                0x0000182c                MAD_2_theACLK_SetModeRegister
 .text.PINO_PROCESSAMENTO_Write
                0x00001868       0x40 .\CortexM3\ARM_GCC_441\Debug\STRDS.a(PINO_PROCESSAMENTO.o)
                0x00001868                PINO_PROCESSAMENTO_Write
 .text.CYMEMZERO8
                0x000018a8       0x3c .\CortexM3\ARM_GCC_441\Debug\STRDS.a(cyfitter_cfg.o)
 .text.CYMEMZERO
                0x000018e4       0x20 .\CortexM3\ARM_GCC_441\Debug\STRDS.a(cyfitter_cfg.o)
 .text.CYCONFIGCPY
                0x00001904       0x20 .\CortexM3\ARM_GCC_441\Debug\STRDS.a(cyfitter_cfg.o)
 .text.cfg_write_bytes32
                0x00001924       0x84 .\CortexM3\ARM_GCC_441\Debug\STRDS.a(cyfitter_cfg.o)
 .text.ClockSetup
                0x000019a8      0x154 .\CortexM3\ARM_GCC_441\Debug\STRDS.a(cyfitter_cfg.o)
 .text.AnalogSetDefault
                0x00001afc       0xf8 .\CortexM3\ARM_GCC_441\Debug\STRDS.a(cyfitter_cfg.o)
 .text.cyfitter_cfg
                0x00001bf4      0x274 .\CortexM3\ARM_GCC_441\Debug\STRDS.a(cyfitter_cfg.o)
                0x00001bf4                cyfitter_cfg
 .text          0x00001e68       0xa0 c:/program files (x86)/cypress/psoc creator/2.2/psoc creator/import/gnu_cs/arm/4.4.1/bin/../lib/gcc/arm-none-eabi/4.4.1/../../../../arm-none-eabi/lib/thumb2\libm.a(lib_a-s_sin.o)
                0x00001e68                sin
 .text          0x00001f08      0x418 c:/program files (x86)/cypress/psoc creator/2.2/psoc creator/import/gnu_cs/arm/4.4.1/bin/../lib/gcc/arm-none-eabi/4.4.1/../../../../arm-none-eabi/lib/thumb2\libm.a(lib_a-e_rem_pio2.o)
                0x00001f08                __ieee754_rem_pio2
 .text          0x00002320      0x250 c:/program files (x86)/cypress/psoc creator/2.2/psoc creator/import/gnu_cs/arm/4.4.1/bin/../lib/gcc/arm-none-eabi/4.4.1/../../../../arm-none-eabi/lib/thumb2\libm.a(lib_a-k_cos.o)
                0x00002320                __kernel_cos
 .text          0x00002570      0x7b4 c:/program files (x86)/cypress/psoc creator/2.2/psoc creator/import/gnu_cs/arm/4.4.1/bin/../lib/gcc/arm-none-eabi/4.4.1/../../../../arm-none-eabi/lib/thumb2\libm.a(lib_a-k_rem_pio2.o)
                0x00002570                __kernel_rem_pio2
 *fill*         0x00002d24        0x4 00
 .text          0x00002d28      0x170 c:/program files (x86)/cypress/psoc creator/2.2/psoc creator/import/gnu_cs/arm/4.4.1/bin/../lib/gcc/arm-none-eabi/4.4.1/../../../../arm-none-eabi/lib/thumb2\libm.a(lib_a-k_sin.o)
                0x00002d28                __kernel_sin
 .text          0x00002e98        0x8 c:/program files (x86)/cypress/psoc creator/2.2/psoc creator/import/gnu_cs/arm/4.4.1/bin/../lib/gcc/arm-none-eabi/4.4.1/../../../../arm-none-eabi/lib/thumb2\libm.a(lib_a-s_fabs.o)
                0x00002e98                fabs
 .text          0x00002ea0      0x128 c:/program files (x86)/cypress/psoc creator/2.2/psoc creator/import/gnu_cs/arm/4.4.1/bin/../lib/gcc/arm-none-eabi/4.4.1/../../../../arm-none-eabi/lib/thumb2\libm.a(lib_a-s_floor.o)
                0x00002ea0                floor
 .text          0x00002fc8      0x118 c:/program files (x86)/cypress/psoc creator/2.2/psoc creator/import/gnu_cs/arm/4.4.1/bin/../lib/gcc/arm-none-eabi/4.4.1/../../../../arm-none-eabi/lib/thumb2\libm.a(lib_a-s_scalbn.o)
                0x00002fc8                scalbn
 .text          0x000030e0       0x18 c:/program files (x86)/cypress/psoc creator/2.2/psoc creator/import/gnu_cs/arm/4.4.1/bin/../lib/gcc/arm-none-eabi/4.4.1/../../../../arm-none-eabi/lib/thumb2\libm.a(lib_a-s_copysign.o)
                0x000030e0                copysign
 .text          0x000030f8      0x2b0 c:/program files (x86)/cypress/psoc creator/2.2/psoc creator/import/gnu_cs/arm/4.4.1/bin/../lib/gcc/arm-none-eabi/4.4.1/thumb2\libgcc.a(_divsi3.o)
                0x000030f8                __divsi3
                0x000030f8                __aeabi_idiv
                0x0000338c                __aeabi_idivmod
 .text          0x000033a8        0x4 c:/program files (x86)/cypress/psoc creator/2.2/psoc creator/import/gnu_cs/arm/4.4.1/bin/../lib/gcc/arm-none-eabi/4.4.1/thumb2\libgcc.a(_dvmd_tls.o)
                0x000033a8                __aeabi_idiv0
                0x000033a8                __aeabi_ldiv0
 .text          0x000033ac      0x370 c:/program files (x86)/cypress/psoc creator/2.2/psoc creator/import/gnu_cs/arm/4.4.1/bin/../lib/gcc/arm-none-eabi/4.4.1/thumb2\libgcc.a(_arm_addsubdf3.o)
                0x000033ac                __aeabi_drsub
                0x000033b4                __aeabi_dsub
                0x000033b4                __subdf3
                0x000033b8                __aeabi_dadd
                0x000033b8                __adddf3
                0x00003630                __floatunsidf
                0x00003630                __aeabi_ui2d
                0x00003650                __floatsidf
                0x00003650                __aeabi_i2d
                0x00003674                __aeabi_f2d
                0x00003674                __extendsfdf2
                0x000036b0                __floatundidf
                0x000036b0                __aeabi_ul2d
                0x000036c0                __floatdidf
                0x000036c0                __aeabi_l2d
 .text          0x0000371c      0x424 c:/program files (x86)/cypress/psoc creator/2.2/psoc creator/import/gnu_cs/arm/4.4.1/bin/../lib/gcc/arm-none-eabi/4.4.1/thumb2\libgcc.a(_arm_muldivdf3.o)
                0x0000371c                __aeabi_dmul
                0x0000371c                __muldf3
                0x00003970                __divdf3
                0x00003970                __aeabi_ddiv
 .text          0x00003b40      0x110 c:/program files (x86)/cypress/psoc creator/2.2/psoc creator/import/gnu_cs/arm/4.4.1/bin/../lib/gcc/arm-none-eabi/4.4.1/thumb2\libgcc.a(_arm_cmpdf2.o)
                0x00003b40                __gtdf2
                0x00003b40                __gedf2
                0x00003b48                __ltdf2
                0x00003b48                __ledf2
                0x00003b50                __nedf2
                0x00003b50                __eqdf2
                0x00003b50                __cmpdf2
                0x00003bcc                __aeabi_cdrcmple
                0x00003bdc                __aeabi_cdcmpeq
                0x00003bdc                __aeabi_cdcmple
                0x00003bec                __aeabi_dcmpeq
                0x00003c00                __aeabi_dcmplt
                0x00003c14                __aeabi_dcmple
                0x00003c28                __aeabi_dcmpge
                0x00003c3c                __aeabi_dcmpgt
 .text          0x00003c50       0x50 c:/program files (x86)/cypress/psoc creator/2.2/psoc creator/import/gnu_cs/arm/4.4.1/bin/../lib/gcc/arm-none-eabi/4.4.1/thumb2\libgcc.a(_arm_fixdfsi.o)
                0x00003c50                __aeabi_d2iz
                0x00003c50                __fixdfsi
 .text          0x00003ca0       0x40 c:/program files (x86)/cypress/psoc creator/2.2/psoc creator/import/gnu_cs/arm/4.4.1/bin/../lib/gcc/arm-none-eabi/4.4.1/thumb2\libgcc.a(_arm_fixunsdfsi.o)
                0x00003ca0                __aeabi_d2uiz
                0x00003ca0                __fixunsdfsi
 .text          0x00003ce0       0xa0 c:/program files (x86)/cypress/psoc creator/2.2/psoc creator/import/gnu_cs/arm/4.4.1/bin/../lib/gcc/arm-none-eabi/4.4.1/thumb2\libgcc.a(_arm_truncdfsf2.o)
                0x00003ce0                __truncdfsf2
                0x00003ce0                __aeabi_d2f
 .text          0x00003d80      0x21c c:/program files (x86)/cypress/psoc creator/2.2/psoc creator/import/gnu_cs/arm/4.4.1/bin/../lib/gcc/arm-none-eabi/4.4.1/thumb2\libgcc.a(_arm_addsubsf3.o)
                0x00003d80                __aeabi_frsub
                0x00003d88                __subsf3
                0x00003d88                __aeabi_fsub
                0x00003d8c                __aeabi_fadd
                0x00003d8c                __addsf3
                0x00003eec                __aeabi_ui2f
                0x00003eec                __floatunsisf
                0x00003ef4                __aeabi_i2f
                0x00003ef4                __floatsisf
                0x00003f10                __aeabi_ul2f
                0x00003f10                __floatundisf
                0x00003f20                __aeabi_l2f
                0x00003f20                __floatdisf
 .text          0x00003f9c      0x2a0 c:/program files (x86)/cypress/psoc creator/2.2/psoc creator/import/gnu_cs/arm/4.4.1/bin/../lib/gcc/arm-none-eabi/4.4.1/thumb2\libgcc.a(_arm_muldivsf3.o)
                0x00003f9c                __mulsf3
                0x00003f9c                __aeabi_fmul
                0x00004104                __aeabi_fdiv
                0x00004104                __divsf3
 .text          0x0000423c       0xec c:/program files (x86)/cypress/psoc creator/2.2/psoc creator/import/gnu_cs/arm/4.4.1/bin/../lib/gcc/arm-none-eabi/4.4.1/thumb2\libgcc.a(_arm_cmpsf2.o)
                0x0000423c                __gesf2
                0x0000423c                __gtsf2
                0x00004244                __lesf2
                0x00004244                __ltsf2
                0x0000424c                __nesf2
                0x0000424c                __eqsf2
                0x0000424c                __cmpsf2
                0x000042ac                __aeabi_cfrcmple
                0x000042b4                __aeabi_cfcmpeq
                0x000042b4                __aeabi_cfcmple
                0x000042c4                __aeabi_fcmpeq
                0x000042d8                __aeabi_fcmplt
                0x000042ec                __aeabi_fcmple
                0x00004300                __aeabi_fcmpge
                0x00004314                __aeabi_fcmpgt
 .text          0x00004328       0x40 c:/program files (x86)/cypress/psoc creator/2.2/psoc creator/import/gnu_cs/arm/4.4.1/bin/../lib/gcc/arm-none-eabi/4.4.1/thumb2\libgcc.a(_arm_fixunssfsi.o)
                0x00004328                __fixunssfsi
                0x00004328                __aeabi_f2uiz
 .text          0x00004368      0x190 c:/program files (x86)/cypress/psoc creator/2.2/psoc creator/import/gnu_cs/arm/4.4.1/bin/../lib/gcc/arm-none-eabi/4.4.1/../../../../arm-none-eabi/lib/thumb2\libc.a(lib_a-memcpy.o)
                0x00004368                memcpy
 .text          0x000044f8       0xd4 c:/program files (x86)/cypress/psoc creator/2.2/psoc creator/import/gnu_cs/arm/4.4.1/bin/../lib/gcc/arm-none-eabi/4.4.1/../../../../arm-none-eabi/lib/thumb2\libc.a(lib_a-memset.o)
                0x000044f8                memset
 .text          0x000045cc       0x94 c:/program files (x86)/cypress/psoc creator/2.2/psoc creator/import/gnu_cs/arm/4.4.1/bin/../lib/gcc/arm-none-eabi/4.4.1/../../../../arm-none-eabi/lib/thumb2\libc.a(lib_a-sprintf.o)
                0x000045cc                sprintf
                0x0000461c                _sprintf_r
 .text          0x00004660     0x15a8 c:/program files (x86)/cypress/psoc creator/2.2/psoc creator/import/gnu_cs/arm/4.4.1/bin/../lib/gcc/arm-none-eabi/4.4.1/../../../../arm-none-eabi/lib/thumb2\libc.a(lib_a-svfprintf.o)
                0x0000477c                _svfprintf_r
 .text          0x00005c08      0xfb8 c:/program files (x86)/cypress/psoc creator/2.2/psoc creator/import/gnu_cs/arm/4.4.1/bin/../lib/gcc/arm-none-eabi/4.4.1/../../../../arm-none-eabi/lib/thumb2\libc.a(lib_a-dtoa.o)
                0x00005d28                _dtoa_r
 .text          0x00006bc0      0x268 c:/program files (x86)/cypress/psoc creator/2.2/psoc creator/import/gnu_cs/arm/4.4.1/bin/../lib/gcc/arm-none-eabi/4.4.1/../../../../arm-none-eabi/lib/thumb2\libc.a(lib_a-freer.o)
                0x00006bc0                _malloc_trim_r
                0x00006c68                _free_r
 .text          0x00006e28       0x74 c:/program files (x86)/cypress/psoc creator/2.2/psoc creator/import/gnu_cs/arm/4.4.1/bin/../lib/gcc/arm-none-eabi/4.4.1/../../../../arm-none-eabi/lib/thumb2\libc.a(lib_a-locale.o)
                0x00006e28                __locale_charset
                0x00006e34                _localeconv_r
                0x00006e3c                localeconv
                0x00006e44                _setlocale_r
                0x00006e8c                setlocale
 .text          0x00006e9c       0x20 c:/program files (x86)/cypress/psoc creator/2.2/psoc creator/import/gnu_cs/arm/4.4.1/bin/../lib/gcc/arm-none-eabi/4.4.1/../../../../arm-none-eabi/lib/thumb2\libc.a(lib_a-malloc.o)
                0x00006e9c                free
                0x00006eac                malloc
 .text          0x00006ebc      0x5a4 c:/program files (x86)/cypress/psoc creator/2.2/psoc creator/import/gnu_cs/arm/4.4.1/bin/../lib/gcc/arm-none-eabi/4.4.1/../../../../arm-none-eabi/lib/thumb2\libc.a(lib_a-mallocr.o)
                0x00006ebc                _malloc_r
 .text          0x00007460       0x74 c:/program files (x86)/cypress/psoc creator/2.2/psoc creator/import/gnu_cs/arm/4.4.1/bin/../lib/gcc/arm-none-eabi/4.4.1/../../../../arm-none-eabi/lib/thumb2\libc.a(lib_a-memchr.o)
                0x00007460                memchr
 .text          0x000074d4       0xb8 c:/program files (x86)/cypress/psoc creator/2.2/psoc creator/import/gnu_cs/arm/4.4.1/bin/../lib/gcc/arm-none-eabi/4.4.1/../../../../arm-none-eabi/lib/thumb2\libc.a(lib_a-memmove.o)
                0x000074d4                memmove
 .text          0x0000758c        0x8 c:/program files (x86)/cypress/psoc creator/2.2/psoc creator/import/gnu_cs/arm/4.4.1/bin/../lib/gcc/arm-none-eabi/4.4.1/../../../../arm-none-eabi/lib/thumb2\libc.a(lib_a-mlock.o)
                0x0000758c                __malloc_lock
                0x00007590                __malloc_unlock
 .text          0x00007594      0x958 c:/program files (x86)/cypress/psoc creator/2.2/psoc creator/import/gnu_cs/arm/4.4.1/bin/../lib/gcc/arm-none-eabi/4.4.1/../../../../arm-none-eabi/lib/thumb2\libc.a(lib_a-mprec.o)
                0x00007594                __hi0bits
                0x000075d4                __lo0bits
                0x00007638                __mcmp
                0x00007678                __ulp
                0x000076c4                __b2d
                0x0000776c                __ratio
                0x000077cc                _mprec_log10
                0x00007804                __copybits
                0x00007854                __any_on
                0x000078ac                _Bfree
                0x000078e4                _Balloc
                0x00007950                __d2b
                0x00007a20                __mdiff
                0x00007b18                __lshift
                0x00007bd4                __multiply
                0x00007d08                __i2b
                0x00007d1c                __multadd
                0x00007da4                __pow5mult
                0x00007e50                __s2b
 .text          0x00007eec      0x3b4 c:/program files (x86)/cypress/psoc creator/2.2/psoc creator/import/gnu_cs/arm/4.4.1/bin/../lib/gcc/arm-none-eabi/4.4.1/../../../../arm-none-eabi/lib/thumb2\libc.a(lib_a-reallocr.o)
                0x00007eec                _realloc_r
 .text          0x000082a0       0x24 c:/program files (x86)/cypress/psoc creator/2.2/psoc creator/import/gnu_cs/arm/4.4.1/bin/../lib/gcc/arm-none-eabi/4.4.1/../../../../arm-none-eabi/lib/thumb2\libc.a(lib_a-s_isinfd.o)
                0x000082a0                __isinfd
 .text          0x000082c4       0x1c c:/program files (x86)/cypress/psoc creator/2.2/psoc creator/import/gnu_cs/arm/4.4.1/bin/../lib/gcc/arm-none-eabi/4.4.1/../../../../arm-none-eabi/lib/thumb2\libc.a(lib_a-s_isnand.o)
                0x000082c4                __isnand
 .text          0x000082e0       0x28 c:/program files (x86)/cypress/psoc creator/2.2/psoc creator/import/gnu_cs/arm/4.4.1/bin/../lib/gcc/arm-none-eabi/4.4.1/../../../../arm-none-eabi/lib/thumb2\libc.a(lib_a-sbrkr.o)
                0x000082e0                _sbrk_r
 .text          0x00008308      0x1dc c:/program files (x86)/cypress/psoc creator/2.2/psoc creator/import/gnu_cs/arm/4.4.1/bin/../lib/gcc/arm-none-eabi/4.4.1/../../../../arm-none-eabi/lib/thumb2\libc.a(lib_a-strcmp.o)
                0x00008308                strcmp
 .text          0x000084e4       0x60 c:/program files (x86)/cypress/psoc creator/2.2/psoc creator/import/gnu_cs/arm/4.4.1/bin/../lib/gcc/arm-none-eabi/4.4.1/../../../../arm-none-eabi/lib/thumb2\libc.a(lib_a-strlen.o)
                0x000084e4                strlen
 .text          0x00008544       0x5c c:/program files (x86)/cypress/psoc creator/2.2/psoc creator/import/gnu_cs/arm/4.4.1/bin/../lib/gcc/arm-none-eabi/4.4.1/../../../../arm-none-eabi/lib/thumb2\libc.a(lib_a-callocr.o)
                0x00008544                _calloc_r
 .text          0x000085a0      0x278 c:/program files (x86)/cypress/psoc creator/2.2/psoc creator/import/gnu_cs/arm/4.4.1/bin/../lib/gcc/arm-none-eabi/4.4.1/thumb2\libgcc.a(_udivsi3.o)
                0x000085a0                __aeabi_uidiv
                0x000085a0                __udivsi3
                0x000087fc                __aeabi_uidivmod
 .text          0x00008818       0x2c c:/program files (x86)/cypress/psoc creator/2.2/psoc creator/import/gnu_cs/arm/4.4.1/bin/../lib/gcc/arm-none-eabi/4.4.1/thumb2\libgcc.a(_aeabi_uldivmod.o)
                0x00008818                __aeabi_uldivmod
 .text          0x00008844       0x58 c:/program files (x86)/cypress/psoc creator/2.2/psoc creator/import/gnu_cs/arm/4.4.1/bin/../lib/gcc/arm-none-eabi/4.4.1/thumb2\libgcc.a(bpabi.o)
                0x00008844                __gnu_uldivmod_helper
                0x00008870                __gnu_ldivmod_helper
 .text          0x0000889c      0x364 c:/program files (x86)/cypress/psoc creator/2.2/psoc creator/import/gnu_cs/arm/4.4.1/bin/../lib/gcc/arm-none-eabi/4.4.1/thumb2\libgcc.a(_divdi3.o)
                0x0000889c                __divdi3
 .text          0x00008c00      0x300 c:/program files (x86)/cypress/psoc creator/2.2/psoc creator/import/gnu_cs/arm/4.4.1/bin/../lib/gcc/arm-none-eabi/4.4.1/thumb2\libgcc.a(_udivdi3.o)
                0x00008c00                __udivdi3
 .text          0x00008f00       0x30 c:/program files (x86)/cypress/psoc creator/2.2/psoc creator/import/gnu_cs/arm/4.4.1/bin/../lib/gcc/arm-none-eabi/4.4.1/../../../../arm-none-eabi/lib/thumb2\libcs3.a(start_c.o)
                0x00008f00                __cs3_premain
 .text          0x00008f30       0x44 c:/program files (x86)/cypress/psoc creator/2.2/psoc creator/import/gnu_cs/arm/4.4.1/bin/../lib/gcc/arm-none-eabi/4.4.1/../../../../arm-none-eabi/lib/thumb2\libcs3unhosted.a(unhosted-sbrk.o)
                0x00008f30                _sbrk
 .text          0x00008f74        0x2 c:/program files (x86)/cypress/psoc creator/2.2/psoc creator/import/gnu_cs/arm/4.4.1/bin/../lib/gcc/arm-none-eabi/4.4.1/../../../../arm-none-eabi/lib/thumb2\libcs3micro.a(micro_isr_interrupt.o)
                0x00008f74                __cs3_isr_external_24
                0x00008f74                __cs3_isr_external_9
                0x00008f74                __cs3_isr_external_14
                0x00008f74                __cs3_isr_reserved_9
                0x00008f74                __cs3_isr_external_4
                0x00008f74                __cs3_isr_external_21
                0x00008f74                __cs3_isr_external_0
                0x00008f74                __cs3_isr_external_27
                0x00008f74                __cs3_isr_external_11
                0x00008f74                __cs3_isr_usage_fault
                0x00008f74                __cs3_isr_svcall
                0x00008f74                __cs3_isr_external_3
                0x00008f74                __cs3_isr_mpu_fault
                0x00008f74                __cs3_isr_external_16
                0x00008f74                __cs3_isr_pendsv
                0x00008f74                __cs3_isr_external_31
                0x00008f74                __cs3_isr_nmi
                0x00008f74                __cs3_isr_external_5
                0x00008f74                __cs3_isr_external_6
                0x00008f74                __cs3_isr_external_12
                0x00008f74                __cs3_isr_hard_fault
                0x00008f74                __cs3_isr_bus_fault
                0x00008f74                __cs3_isr_external_1
                0x00008f74                __cs3_isr_external_13
                0x00008f74                __cs3_isr_external_30
                0x00008f74                __cs3_isr_external_23
                0x00008f74                __cs3_isr_external_20
                0x00008f74                __cs3_isr_debug
                0x00008f74                __cs3_isr_reserved_13
                0x00008f74                __cs3_isr_external_8
                0x00008f74                __cs3_isr_external_26
                0x00008f74                __cs3_isr_reserved_8
                0x00008f74                __cs3_isr_reserved_7
                0x00008f74                __cs3_isr_external_7
                0x00008f74                __cs3_isr_external_28
                0x00008f74                __cs3_isr_systick
                0x00008f74                __cs3_isr_external_22
                0x00008f74                __cs3_isr_external_10
                0x00008f74                __cs3_isr_external_15
                0x00008f74                __cs3_isr_interrupt
                0x00008f74                __cs3_isr_external_18
                0x00008f74                __cs3_isr_external_29
                0x00008f74                __cs3_isr_external_25
                0x00008f74                __cs3_isr_reserved_10
                0x00008f74                __cs3_isr_external_2
                0x00008f74                __cs3_isr_external_17
                0x00008f74                __cs3_isr_external_19
 *fill*         0x00008f76        0x2 00
 .text          0x00008f78        0xc c:/program files (x86)/cypress/psoc creator/2.2/psoc creator/import/gnu_cs/arm/4.4.1/bin/../lib/gcc/arm-none-eabi/4.4.1/../../../../arm-none-eabi/lib/thumb2\libc.a(lib_a-errno.o)
                0x00008f78                __errno
 .text          0x00008f84       0x50 c:/program files (x86)/cypress/psoc creator/2.2/psoc creator/import/gnu_cs/arm/4.4.1/bin/../lib/gcc/arm-none-eabi/4.4.1/../../../../arm-none-eabi/lib/thumb2\libc.a(lib_a-init.o)
                0x00008f84                __libc_init_array
 *(.plt)
 *(.gnu.warning)
 *(.glue_7t)
 .glue_7t       0x00000000        0x0 linker stubs
 *(.glue_7)
 .glue_7        0x00000000        0x0 linker stubs
 *(.vfp11_veneer)
 .vfp11_veneer  0x00000000        0x0 linker stubs
 *(.bootloader)
 *(.ARM.extab* .gnu.linkonce.armextab.*)
 *(.gcc_except_table)

.v4_bx          0x00008fd4        0x0
 .v4_bx         0x00000000        0x0 linker stubs

.eh_frame_hdr
 *(.eh_frame_hdr)

.eh_frame
 *(.eh_frame)
                0x00008fd4                PROVIDE (__exidx_start, .)

.ARM.exidx      0x00008fd4        0x8
 *(.ARM.exidx* .gnu.linkonce.armexidx.*)
 .ARM.exidx     0x00008fd4        0x8 c:/program files (x86)/cypress/psoc creator/2.2/psoc creator/import/gnu_cs/arm/4.4.1/bin/../lib/gcc/arm-none-eabi/4.4.1/thumb2\libgcc.a(_divdi3.o)
 .ARM.exidx     0x00008fdc        0x0 c:/program files (x86)/cypress/psoc creator/2.2/psoc creator/import/gnu_cs/arm/4.4.1/bin/../lib/gcc/arm-none-eabi/4.4.1/thumb2\libgcc.a(_udivdi3.o)
                                  0x8 (size before relaxing)
                0x00008fdc                __exidx_end = .

.rodata         0x00008fe0      0x440
 *(.rodata .rodata.* .gnu.linkonce.r.*)
 .rodata        0x00008fe0       0x14 .\CortexM3\ARM_GCC_441\Debug\main.o
 .rodata        0x00008ff4       0x30 .\CortexM3\ARM_GCC_441\Debug\STRDS.a(cyfitter_cfg.o)
 .rodata        0x00009024      0x188 c:/program files (x86)/cypress/psoc creator/2.2/psoc creator/import/gnu_cs/arm/4.4.1/bin/../lib/gcc/arm-none-eabi/4.4.1/../../../../arm-none-eabi/lib/thumb2\libm.a(lib_a-e_rem_pio2.o)
 *fill*         0x000091ac        0x4 00
 .rodata        0x000091b0       0x50 c:/program files (x86)/cypress/psoc creator/2.2/psoc creator/import/gnu_cs/arm/4.4.1/bin/../lib/gcc/arm-none-eabi/4.4.1/../../../../arm-none-eabi/lib/thumb2\libm.a(lib_a-k_rem_pio2.o)
 .rodata        0x00009200       0x20 c:/program files (x86)/cypress/psoc creator/2.2/psoc creator/import/gnu_cs/arm/4.4.1/bin/../lib/gcc/arm-none-eabi/4.4.1/../../../../arm-none-eabi/lib/thumb2\libc.a(lib_a-svfprintf.o)
 .rodata.str1.4
                0x00009220       0x42 c:/program files (x86)/cypress/psoc creator/2.2/psoc creator/import/gnu_cs/arm/4.4.1/bin/../lib/gcc/arm-none-eabi/4.4.1/../../../../arm-none-eabi/lib/thumb2\libc.a(lib_a-svfprintf.o)
                                 0x44 (size before relaxing)
 *fill*         0x00009262        0x2 00
 .rodata.str1.4
                0x00009264       0x10 c:/program files (x86)/cypress/psoc creator/2.2/psoc creator/import/gnu_cs/arm/4.4.1/bin/../lib/gcc/arm-none-eabi/4.4.1/../../../../arm-none-eabi/lib/thumb2\libc.a(lib_a-dtoa.o)
                                 0x14 (size before relaxing)
 .rodata.str1.4
                0x00009274        0x2 c:/program files (x86)/cypress/psoc creator/2.2/psoc creator/import/gnu_cs/arm/4.4.1/bin/../lib/gcc/arm-none-eabi/4.4.1/../../../../arm-none-eabi/lib/thumb2\libc.a(lib_a-impure.o)
                                  0x4 (size before relaxing)
 *fill*         0x00009276        0x2 00
 .rodata        0x00009278       0x34 c:/program files (x86)/cypress/psoc creator/2.2/psoc creator/import/gnu_cs/arm/4.4.1/bin/../lib/gcc/arm-none-eabi/4.4.1/../../../../arm-none-eabi/lib/thumb2\libc.a(lib_a-locale.o)
 .rodata.str1.4
                0x000092ac       0x10 c:/program files (x86)/cypress/psoc creator/2.2/psoc creator/import/gnu_cs/arm/4.4.1/bin/../lib/gcc/arm-none-eabi/4.4.1/../../../../arm-none-eabi/lib/thumb2\libc.a(lib_a-locale.o)
                                 0x18 (size before relaxing)
 *fill*         0x000092bc        0x4 00
 .rodata        0x000092c0      0x128 c:/program files (x86)/cypress/psoc creator/2.2/psoc creator/import/gnu_cs/arm/4.4.1/bin/../lib/gcc/arm-none-eabi/4.4.1/../../../../arm-none-eabi/lib/thumb2\libc.a(lib_a-mprec.o)
                0x000092c0                __mprec_tens
                0x00009398                __mprec_bigtens
                0x000093c0                __mprec_tinytens
                0x000093e8                . = ALIGN (0x4)
 *(.init)
 .init          0x000093e8        0x4 c:/program files (x86)/cypress/psoc creator/2.2/psoc creator/import/gnu_cs/arm/4.4.1/bin/../lib/gcc/arm-none-eabi/4.4.1/thumb2/crti.o
                0x000093e8                _init
 .init          0x000093ec        0x8 c:/program files (x86)/cypress/psoc creator/2.2/psoc creator/import/gnu_cs/arm/4.4.1/bin/../lib/gcc/arm-none-eabi/4.4.1/thumb2/crtn.o
                0x000093f4                . = ALIGN (0x4)
                0x000093f4                __preinit_array_start = .
 *(.preinit_array)
                0x000093f4                __preinit_array_end = .
                0x000093f4                . = ALIGN (0x4)
                0x000093f4                __init_array_start = .
 *(SORT(.init_array.*))
 *(.init_array)
 .init_array    0x000093f4        0x4 c:/program files (x86)/cypress/psoc creator/2.2/psoc creator/import/gnu_cs/arm/4.4.1/bin/../lib/gcc/arm-none-eabi/4.4.1/thumb2/crtbegin.o
 .init_array    0x000093f8        0x4 .\CortexM3\ARM_GCC_441\Debug\Cm3Start.o
                0x000093fc                __init_array_end = .
                0x000093fc                . = ALIGN (0x4)
 *(.fini)
 .fini          0x000093fc        0x4 c:/program files (x86)/cypress/psoc creator/2.2/psoc creator/import/gnu_cs/arm/4.4.1/bin/../lib/gcc/arm-none-eabi/4.4.1/thumb2/crti.o
                0x000093fc                _fini
 .fini          0x00009400        0x8 c:/program files (x86)/cypress/psoc creator/2.2/psoc creator/import/gnu_cs/arm/4.4.1/bin/../lib/gcc/arm-none-eabi/4.4.1/thumb2/crtn.o
                0x00009408                . = ALIGN (0x4)
                0x00009408                __fini_array_start = .
 *(.fini_array)
 .fini_array    0x00009408        0x4 c:/program files (x86)/cypress/psoc creator/2.2/psoc creator/import/gnu_cs/arm/4.4.1/bin/../lib/gcc/arm-none-eabi/4.4.1/thumb2/crtbegin.o
 *(SORT(.fini_array.*))
                0x0000940c                __fini_array_end = .
                0x0000940c                . = ALIGN (0x4)
 *crtbegin.o(.ctors)
 *(EXCLUDE_FILE(*crtend.o) .ctors)
 *(SORT(.ctors.*))
 *crtend.o(.ctors)
                0x0000940c                . = ALIGN (0x4)
 *crtbegin.o(.dtors)
 *(EXCLUDE_FILE(*crtend.o) .dtors)
 *(SORT(.dtors.*))
 *crtend.o(.dtors)
                0x0000940c                . = ALIGN (0x4)
                0x0000940c                __cs3_regions = .
                0x0000940c        0x4 LONG 0x0
                0x00009410        0x4 LONG 0x9420 __cs3_region_init_ram
                0x00009414        0x4 LONG 0x1fff8108 __cs3_region_start_data
                0x00009418        0x4 LONG 0x550 __cs3_region_init_size_ram
                0x0000941c        0x4 LONG 0x90 __cs3_region_zero_size_ram
                0x00009420                __cs3_regions_end = .
                0x00009420                . = ALIGN (0x8)
                0x00009420                _etext = .

.ramvectors     0x1fff8000      0x100
                0x1fff8000                __cs3_region_start_ram = .
 *(.cs3.region-head.ram)
                0x1fff8001                ASSERT ((. == __cs3_region_start_ram), .cs3.region-head.ram not permitted)
 *(.ramvectors)
 .ramvectors    0x1fff8000      0x100 .\CortexM3\ARM_GCC_441\Debug\Cm3Start.o
                0x1fff8000                CyRamVectors

.noinit         0x1fff8100        0x4
 *(.noinit)
 .noinit        0x1fff8100        0x4 .\CortexM3\ARM_GCC_441\Debug\Cm3Start.o

.data           0x1fff8108      0x550 load address 0x00009420
                0x1fff8108                __cs3_region_start_data = .
 *(.jcr)
 .jcr           0x1fff8108        0x0 c:/program files (x86)/cypress/psoc creator/2.2/psoc creator/import/gnu_cs/arm/4.4.1/bin/../lib/gcc/arm-none-eabi/4.4.1/thumb2/crtbegin.o
 .jcr           0x1fff8108        0x4 c:/program files (x86)/cypress/psoc creator/2.2/psoc creator/import/gnu_cs/arm/4.4.1/bin/../lib/gcc/arm-none-eabi/4.4.1/thumb2/crtend.o
 *(.got.plt)
 *(.got)
 *(.shdata)
 *(.data .data.* .gnu.linkonce.d.*)
 .data          0x1fff810c       0x2c .\CortexM3\ARM_GCC_441\Debug\main.o
                0x1fff810c                M
                0x1fff8110                K
                0x1fff8114                RO
                0x1fff8118                CD
                0x1fff811c                Afr
                0x1fff8120                C0
                0x1fff8124                G
                0x1fff8128                R
                0x1fff812c                v_max
                0x1fff8130                tm
                0x1fff8134                T_INCR
 .data          0x1fff8138       0x10 .\CortexM3\ARM_GCC_441\Debug\STRDS.a(CyLib.o)
                0x1fff8138                cydelay_freq_hz
                0x1fff813c                cydelay_freq_khz
                0x1fff8140                cydelay_freq_mhz
                0x1fff8144                cydelay_32k_ms
 .data          0x1fff8148       0xf4 c:/program files (x86)/cypress/psoc creator/2.2/psoc creator/import/gnu_cs/arm/4.4.1/bin/../lib/gcc/arm-none-eabi/4.4.1/../../../../arm-none-eabi/lib/thumb2\libc.a(lib_a-impure.o)
                0x1fff8148                _impure_ptr
 .data          0x1fff823c      0x410 c:/program files (x86)/cypress/psoc creator/2.2/psoc creator/import/gnu_cs/arm/4.4.1/bin/../lib/gcc/arm-none-eabi/4.4.1/../../../../arm-none-eabi/lib/thumb2\libc.a(lib_a-mallocr.o)
                0x1fff823c                __malloc_av_
                0x1fff8644                __malloc_sbrk_base
                0x1fff8648                __malloc_trim_threshold
 .data          0x1fff864c        0x4 c:/program files (x86)/cypress/psoc creator/2.2/psoc creator/import/gnu_cs/arm/4.4.1/bin/../lib/gcc/arm-none-eabi/4.4.1/../../../../arm-none-eabi/lib/thumb2\libcs3unhosted.a(unhosted-sbrk.o)
 .data          0x1fff8650        0x4 c:/program files (x86)/cypress/psoc creator/2.2/psoc creator/import/gnu_cs/arm/4.4.1/bin/../lib/gcc/arm-none-eabi/4.4.1/../../../../arm-none-eabi/lib/thumb2\libcs3.a(heap.o)
                0x1fff8650                __cs3_heap_limit
                0x1fff8658                . = ALIGN (0x8)
 *fill*         0x1fff8654        0x4 00
 *(.ram)
                0x1fff8658                _edata = .

.bss            0x1fff8658       0x90 load address 0x00009970
 *(.shbss)
 *(.bss .bss.* .gnu.linkonce.b.*)
 .bss           0x1fff8658        0x1 c:/program files (x86)/cypress/psoc creator/2.2/psoc creator/import/gnu_cs/arm/4.4.1/bin/../lib/gcc/arm-none-eabi/4.4.1/thumb2/crtbegin.o
 *fill*         0x1fff8659        0x3 00
 .bss           0x1fff865c       0x1c .\CortexM3\ARM_GCC_441\Debug\main.o
                0x1fff865c                time
                0x1fff8660                C1
                0x1fff8664                v
                0x1fff8668                displayedData
                0x1fff866c                output_voltage
                0x1fff8670                it
                0x1fff8674                alpha
 .bss           0x1fff8678        0x2 .\CortexM3\ARM_GCC_441\Debug\STRDS.a(LCD.o)
                0x1fff8678                LCD_enableState
                0x1fff8679                LCD_initVar
 *fill*         0x1fff867a        0x2 00
 .bss           0x1fff867c        0x8 .\CortexM3\ARM_GCC_441\Debug\STRDS.a(MSG_1.o)
                0x1fff867c                MSG_1_initVar
 .bss           0x1fff8684        0x2 .\CortexM3\ARM_GCC_441\Debug\STRDS.a(MAD_1.o)
                0x1fff8684                MAD_1_initVar
 .bss           0x1fff8686        0x1 .\CortexM3\ARM_GCC_441\Debug\STRDS.a(Timer.o)
                0x1fff8686                Timer_initVar
 .bss           0x1fff8687        0x2 .\CortexM3\ARM_GCC_441\Debug\STRDS.a(MAD_2.o)
                0x1fff8687                MAD_2_initVar
 *fill*         0x1fff8689        0x3 00
 .bss           0x1fff868c       0x34 c:/program files (x86)/cypress/psoc creator/2.2/psoc creator/import/gnu_cs/arm/4.4.1/bin/../lib/gcc/arm-none-eabi/4.4.1/../../../../arm-none-eabi/lib/thumb2\libc.a(lib_a-mallocr.o)
                0x1fff868c                __malloc_top_pad
                0x1fff8690                __malloc_current_mallinfo
                0x1fff86b8                __malloc_max_sbrked_mem
                0x1fff86bc                __malloc_max_total_mem
 *(COMMON)
 COMMON         0x1fff86c0       0x14 .\CortexM3\ARM_GCC_441\Debug\main.o
                0x1fff86c0                adc_value
                0x1fff86c4                tstr
 COMMON         0x1fff86d4        0x6 .\CortexM3\ARM_GCC_441\Debug\STRDS.a(MAD_1.o)
                0x1fff86d4                MAD_1_offset
                0x1fff86d6                MAD_1_countsPerVolt
                0x1fff86d8                MAD_1_shift
 COMMON         0x1fff86da        0x1 .\CortexM3\ARM_GCC_441\Debug\STRDS.a(CyLib.o)
                0x1fff86da                CyResetStatus
 *fill*         0x1fff86db        0x1 00
 COMMON         0x1fff86dc        0x6 .\CortexM3\ARM_GCC_441\Debug\STRDS.a(MAD_2.o)
                0x1fff86dc                MAD_2_shift
                0x1fff86de                MAD_2_offset
                0x1fff86e0                MAD_2_countsPerVolt
 *fill*         0x1fff86e2        0x2 00
 COMMON         0x1fff86e4        0x4 c:/program files (x86)/cypress/psoc creator/2.2/psoc creator/import/gnu_cs/arm/4.4.1/bin/../lib/gcc/arm-none-eabi/4.4.1/../../../../arm-none-eabi/lib/thumb2\libc.a(lib_a-reent.o)
                0x1fff86e4                errno
                0x1fff86e8                . = ALIGN (0x8)
 *(.ram.b)
                0x1fff86e8                _end = .
                0x1fff86e8                __end = .
                0x20003000                __cs3_region_end_ram = (__cs3_region_start_ram + 0xb000)
                0x0000b000                __cs3_region_size_ram = 0xb000
                0x00009420                __cs3_region_init_ram = LOADADDR (.data)
                0x00000550                __cs3_region_init_size_ram = (_edata - ADDR (.data))
                0x00000090                __cs3_region_zero_size_ram = (_end - _edata)

.stab
 *(.stab)

.stabstr
 *(.stabstr)

.debug
 *(.debug)

.line
 *(.line)

.debug_srcinfo
 *(.debug_srcinfo)

.debug_sfnames
 *(.debug_sfnames)

.comment        0x00000000      0x306
 .comment       0x00000000       0x2b .\CortexM3\ARM_GCC_441\Debug\main.o
 .comment       0x0000002b       0x2b .\CortexM3\ARM_GCC_441\Debug\Cm3Start.o
 .comment       0x00000056       0x2b .\CortexM3\ARM_GCC_441\Debug\STRDS.a(LCD.o)
 .comment       0x00000081       0x2b .\CortexM3\ARM_GCC_441\Debug\STRDS.a(MSG_1.o)
 .comment       0x000000ac       0x2b .\CortexM3\ARM_GCC_441\Debug\STRDS.a(MAD_1.o)
 .comment       0x000000d7       0x2b .\CortexM3\ARM_GCC_441\Debug\STRDS.a(MAD_1_INT.o)
 .comment       0x00000102       0x2b .\CortexM3\ARM_GCC_441\Debug\STRDS.a(isr_1.o)
 .comment       0x0000012d       0x2b .\CortexM3\ARM_GCC_441\Debug\STRDS.a(Timer.o)
 .comment       0x00000158       0x2b .\CortexM3\ARM_GCC_441\Debug\STRDS.a(MAD_1_theACLK.o)
 .comment       0x00000183       0x2b .\CortexM3\ARM_GCC_441\Debug\STRDS.a(CyLib.o)
 .comment       0x000001ae       0x2b .\CortexM3\ARM_GCC_441\Debug\STRDS.a(cyPm.o)
 .comment       0x000001d9       0x2b .\CortexM3\ARM_GCC_441\Debug\STRDS.a(MAD_2.o)
 .comment       0x00000204       0x2b .\CortexM3\ARM_GCC_441\Debug\STRDS.a(MAD_2_INT.o)
 .comment       0x0000022f       0x2b .\CortexM3\ARM_GCC_441\Debug\STRDS.a(MAD_2_theACLK.o)
 .comment       0x0000025a       0x2b .\CortexM3\ARM_GCC_441\Debug\STRDS.a(PINO_PROCESSAMENTO.o)
 .comment       0x00000285       0x2b .\CortexM3\ARM_GCC_441\Debug\STRDS.a(cyfitter_cfg.o)
 .comment       0x000002b0       0x2b .\CortexM3\ARM_GCC_441\Debug\STRDS.a(CyFlash.o)
 .comment       0x000002db       0x2b .\CortexM3\ARM_GCC_441\Debug\STRDS.a(CySpc.o)

.debug_aranges  0x00000000      0x900
 *(.debug_aranges)
 .debug_aranges
                0x00000000       0x40 .\CortexM3\ARM_GCC_441\Debug\main.o
 .debug_aranges
                0x00000040       0x30 .\CortexM3\ARM_GCC_441\Debug\Cm3Start.o
 .debug_aranges
                0x00000070       0x90 .\CortexM3\ARM_GCC_441\Debug\STRDS.a(LCD.o)
 .debug_aranges
                0x00000100       0x58 .\CortexM3\ARM_GCC_441\Debug\STRDS.a(MSG_1.o)
 .debug_aranges
                0x00000158       0xa0 .\CortexM3\ARM_GCC_441\Debug\STRDS.a(MAD_1.o)
 .debug_aranges
                0x000001f8       0x20 .\CortexM3\ARM_GCC_441\Debug\STRDS.a(MAD_1_INT.o)
 .debug_aranges
                0x00000218       0x80 .\CortexM3\ARM_GCC_441\Debug\STRDS.a(isr_1.o)
 .debug_aranges
                0x00000298       0x88 .\CortexM3\ARM_GCC_441\Debug\STRDS.a(Timer.o)
 .debug_aranges
                0x00000320       0x78 .\CortexM3\ARM_GCC_441\Debug\STRDS.a(MAD_1_theACLK.o)
 .debug_aranges
                0x00000398       0x20 .\CortexM3\ARM_GCC_441\Debug\STRDS.a(CyBootAsmGnu.o)
 .debug_aranges
                0x000003b8      0x1e0 .\CortexM3\ARM_GCC_441\Debug\STRDS.a(CyLib.o)
 .debug_aranges
                0x00000598       0xb8 .\CortexM3\ARM_GCC_441\Debug\STRDS.a(cyPm.o)
 .debug_aranges
                0x00000650       0xa0 .\CortexM3\ARM_GCC_441\Debug\STRDS.a(MAD_2.o)
 .debug_aranges
                0x000006f0       0x20 .\CortexM3\ARM_GCC_441\Debug\STRDS.a(MAD_2_INT.o)
 .debug_aranges
                0x00000710       0x78 .\CortexM3\ARM_GCC_441\Debug\STRDS.a(MAD_2_theACLK.o)
 .debug_aranges
                0x00000788       0x38 .\CortexM3\ARM_GCC_441\Debug\STRDS.a(PINO_PROCESSAMENTO.o)
 .debug_aranges
                0x000007c0       0x70 .\CortexM3\ARM_GCC_441\Debug\STRDS.a(cyfitter_cfg.o)
 .debug_aranges
                0x00000830       0x68 .\CortexM3\ARM_GCC_441\Debug\STRDS.a(CyFlash.o)
 .debug_aranges
                0x00000898       0x68 .\CortexM3\ARM_GCC_441\Debug\STRDS.a(CySpc.o)

.debug_pubnames
                0x00000000     0x145c
 *(.debug_pubnames)
 .debug_pubnames
                0x00000000       0xfa .\CortexM3\ARM_GCC_441\Debug\main.o
 .debug_pubnames
                0x000000fa       0x66 .\CortexM3\ARM_GCC_441\Debug\Cm3Start.o
 .debug_pubnames
                0x00000160      0x112 .\CortexM3\ARM_GCC_441\Debug\STRDS.a(LCD.o)
 .debug_pubnames
                0x00000272       0xae .\CortexM3\ARM_GCC_441\Debug\STRDS.a(MSG_1.o)
 .debug_pubnames
                0x00000320      0x1ac .\CortexM3\ARM_GCC_441\Debug\STRDS.a(MAD_1.o)
 .debug_pubnames
                0x000004cc       0x20 .\CortexM3\ARM_GCC_441\Debug\STRDS.a(MAD_1_INT.o)
 .debug_pubnames
                0x000004ec      0x10d .\CortexM3\ARM_GCC_441\Debug\STRDS.a(isr_1.o)
 .debug_pubnames
                0x000005f9      0x160 .\CortexM3\ARM_GCC_441\Debug\STRDS.a(Timer.o)
 .debug_pubnames
                0x00000759      0x1a0 .\CortexM3\ARM_GCC_441\Debug\STRDS.a(MAD_1_theACLK.o)
 .debug_pubnames
                0x000008f9      0x4be .\CortexM3\ARM_GCC_441\Debug\STRDS.a(CyLib.o)
 .debug_pubnames
                0x00000db7       0xbb .\CortexM3\ARM_GCC_441\Debug\STRDS.a(cyPm.o)
 .debug_pubnames
                0x00000e72      0x1ac .\CortexM3\ARM_GCC_441\Debug\STRDS.a(MAD_2.o)
 .debug_pubnames
                0x0000101e       0x20 .\CortexM3\ARM_GCC_441\Debug\STRDS.a(MAD_2_INT.o)
 .debug_pubnames
                0x0000103e      0x1a0 .\CortexM3\ARM_GCC_441\Debug\STRDS.a(MAD_2_theACLK.o)
 .debug_pubnames
                0x000011de       0x92 .\CortexM3\ARM_GCC_441\Debug\STRDS.a(PINO_PROCESSAMENTO.o)
 .debug_pubnames
                0x00001270       0x3d .\CortexM3\ARM_GCC_441\Debug\STRDS.a(cyfitter_cfg.o)
 .debug_pubnames
                0x000012ad       0xdf .\CortexM3\ARM_GCC_441\Debug\STRDS.a(CyFlash.o)
 .debug_pubnames
                0x0000138c       0xd0 .\CortexM3\ARM_GCC_441\Debug\STRDS.a(CySpc.o)

.debug_info     0x00000000     0x3c2d
 *(.debug_info .gnu.linkonce.wi.*)
 .debug_info    0x00000000      0x32c .\CortexM3\ARM_GCC_441\Debug\main.o
 .debug_info    0x0000032c      0x168 .\CortexM3\ARM_GCC_441\Debug\Cm3Start.o
 .debug_info    0x00000494      0x3af .\CortexM3\ARM_GCC_441\Debug\STRDS.a(LCD.o)
 .debug_info    0x00000843      0x1fc .\CortexM3\ARM_GCC_441\Debug\STRDS.a(MSG_1.o)
 .debug_info    0x00000a3f      0x42b .\CortexM3\ARM_GCC_441\Debug\STRDS.a(MAD_1.o)
 .debug_info    0x00000e6a       0x9a .\CortexM3\ARM_GCC_441\Debug\STRDS.a(MAD_1_INT.o)
 .debug_info    0x00000f04      0x23b .\CortexM3\ARM_GCC_441\Debug\STRDS.a(isr_1.o)
 .debug_info    0x0000113f      0x253 .\CortexM3\ARM_GCC_441\Debug\STRDS.a(Timer.o)
 .debug_info    0x00001392      0x27b .\CortexM3\ARM_GCC_441\Debug\STRDS.a(MAD_1_theACLK.o)
 .debug_info    0x0000160d       0xa7 .\CortexM3\ARM_GCC_441\Debug\STRDS.a(CyBootAsmGnu.o)
 .debug_info    0x000016b4      0xbce .\CortexM3\ARM_GCC_441\Debug\STRDS.a(CyLib.o)
 .debug_info    0x00002282      0x63e .\CortexM3\ARM_GCC_441\Debug\STRDS.a(cyPm.o)
 .debug_info    0x000028c0      0x42b .\CortexM3\ARM_GCC_441\Debug\STRDS.a(MAD_2.o)
 .debug_info    0x00002ceb       0x9a .\CortexM3\ARM_GCC_441\Debug\STRDS.a(MAD_2_INT.o)
 .debug_info    0x00002d85      0x27b .\CortexM3\ARM_GCC_441\Debug\STRDS.a(MAD_2_theACLK.o)
 .debug_info    0x00003000      0x120 .\CortexM3\ARM_GCC_441\Debug\STRDS.a(PINO_PROCESSAMENTO.o)
 .debug_info    0x00003120      0x459 .\CortexM3\ARM_GCC_441\Debug\STRDS.a(cyfitter_cfg.o)
 .debug_info    0x00003579      0x308 .\CortexM3\ARM_GCC_441\Debug\STRDS.a(CyFlash.o)
 .debug_info    0x00003881      0x3ac .\CortexM3\ARM_GCC_441\Debug\STRDS.a(CySpc.o)

.debug_abbrev   0x00000000     0x1127
 *(.debug_abbrev)
 .debug_abbrev  0x00000000      0x124 .\CortexM3\ARM_GCC_441\Debug\main.o
 .debug_abbrev  0x00000124       0xec .\CortexM3\ARM_GCC_441\Debug\Cm3Start.o
 .debug_abbrev  0x00000210      0x118 .\CortexM3\ARM_GCC_441\Debug\STRDS.a(LCD.o)
 .debug_abbrev  0x00000328       0xdf .\CortexM3\ARM_GCC_441\Debug\STRDS.a(MSG_1.o)
 .debug_abbrev  0x00000407      0x11c .\CortexM3\ARM_GCC_441\Debug\STRDS.a(MAD_1.o)
 .debug_abbrev  0x00000523       0x41 .\CortexM3\ARM_GCC_441\Debug\STRDS.a(MAD_1_INT.o)
 .debug_abbrev  0x00000564       0xe1 .\CortexM3\ARM_GCC_441\Debug\STRDS.a(isr_1.o)
 .debug_abbrev  0x00000645       0xc9 .\CortexM3\ARM_GCC_441\Debug\STRDS.a(Timer.o)
 .debug_abbrev  0x0000070e       0xcf .\CortexM3\ARM_GCC_441\Debug\STRDS.a(MAD_1_theACLK.o)
 .debug_abbrev  0x000007dd       0x14 .\CortexM3\ARM_GCC_441\Debug\STRDS.a(CyBootAsmGnu.o)
 .debug_abbrev  0x000007f1      0x182 .\CortexM3\ARM_GCC_441\Debug\STRDS.a(CyLib.o)
 .debug_abbrev  0x00000973      0x13e .\CortexM3\ARM_GCC_441\Debug\STRDS.a(cyPm.o)
 .debug_abbrev  0x00000ab1      0x11c .\CortexM3\ARM_GCC_441\Debug\STRDS.a(MAD_2.o)
 .debug_abbrev  0x00000bcd       0x41 .\CortexM3\ARM_GCC_441\Debug\STRDS.a(MAD_2_INT.o)
 .debug_abbrev  0x00000c0e       0xcf .\CortexM3\ARM_GCC_441\Debug\STRDS.a(MAD_2_theACLK.o)
 .debug_abbrev  0x00000cdd       0x85 .\CortexM3\ARM_GCC_441\Debug\STRDS.a(PINO_PROCESSAMENTO.o)
 .debug_abbrev  0x00000d62      0x16d .\CortexM3\ARM_GCC_441\Debug\STRDS.a(cyfitter_cfg.o)
 .debug_abbrev  0x00000ecf      0x14a .\CortexM3\ARM_GCC_441\Debug\STRDS.a(CyFlash.o)
 .debug_abbrev  0x00001019      0x10e .\CortexM3\ARM_GCC_441\Debug\STRDS.a(CySpc.o)

.debug_line     0x00000000     0x1f09
 *(.debug_line)
 .debug_line    0x00000000       0xf2 .\CortexM3\ARM_GCC_441\Debug\main.o
 .debug_line    0x000000f2       0xb8 .\CortexM3\ARM_GCC_441\Debug\Cm3Start.o
 .debug_line    0x000001aa      0x1d9 .\CortexM3\ARM_GCC_441\Debug\STRDS.a(LCD.o)
 .debug_line    0x00000383      0x11c .\CortexM3\ARM_GCC_441\Debug\STRDS.a(MSG_1.o)
 .debug_line    0x0000049f      0x1f5 .\CortexM3\ARM_GCC_441\Debug\STRDS.a(MAD_1.o)
 .debug_line    0x00000694       0x57 .\CortexM3\ARM_GCC_441\Debug\STRDS.a(MAD_1_INT.o)
 .debug_line    0x000006eb      0x159 .\CortexM3\ARM_GCC_441\Debug\STRDS.a(isr_1.o)
 .debug_line    0x00000844      0x179 .\CortexM3\ARM_GCC_441\Debug\STRDS.a(Timer.o)
 .debug_line    0x000009bd      0x188 .\CortexM3\ARM_GCC_441\Debug\STRDS.a(MAD_1_theACLK.o)
 .debug_line    0x00000b45       0x67 .\CortexM3\ARM_GCC_441\Debug\STRDS.a(CyBootAsmGnu.o)
 .debug_line    0x00000bac      0x5c7 .\CortexM3\ARM_GCC_441\Debug\STRDS.a(CyLib.o)
 .debug_line    0x00001173      0x3f2 .\CortexM3\ARM_GCC_441\Debug\STRDS.a(cyPm.o)
 .debug_line    0x00001565      0x1f5 .\CortexM3\ARM_GCC_441\Debug\STRDS.a(MAD_2.o)
 .debug_line    0x0000175a       0x57 .\CortexM3\ARM_GCC_441\Debug\STRDS.a(MAD_2_INT.o)
 .debug_line    0x000017b1      0x188 .\CortexM3\ARM_GCC_441\Debug\STRDS.a(MAD_2_theACLK.o)
 .debug_line    0x00001939       0xbd .\CortexM3\ARM_GCC_441\Debug\STRDS.a(PINO_PROCESSAMENTO.o)
 .debug_line    0x000019f6      0x21d .\CortexM3\ARM_GCC_441\Debug\STRDS.a(cyfitter_cfg.o)
 .debug_line    0x00001c13      0x170 .\CortexM3\ARM_GCC_441\Debug\STRDS.a(CyFlash.o)
 .debug_line    0x00001d83      0x186 .\CortexM3\ARM_GCC_441\Debug\STRDS.a(CySpc.o)

.debug_frame    0x00000000     0x2634
 *(.debug_frame)
 .debug_frame   0x00000000       0xc4 .\CortexM3\ARM_GCC_441\Debug\main.o
 .debug_frame   0x000000c4       0x5c .\CortexM3\ARM_GCC_441\Debug\Cm3Start.o
 .debug_frame   0x00000120      0x1e0 .\CortexM3\ARM_GCC_441\Debug\STRDS.a(LCD.o)
 .debug_frame   0x00000300       0xf8 .\CortexM3\ARM_GCC_441\Debug\STRDS.a(MSG_1.o)
 .debug_frame   0x000003f8      0x208 .\CortexM3\ARM_GCC_441\Debug\STRDS.a(MAD_1.o)
 .debug_frame   0x00000600       0x2c .\CortexM3\ARM_GCC_441\Debug\STRDS.a(MAD_1_INT.o)
 .debug_frame   0x0000062c      0x180 .\CortexM3\ARM_GCC_441\Debug\STRDS.a(isr_1.o)
 .debug_frame   0x000007ac      0x198 .\CortexM3\ARM_GCC_441\Debug\STRDS.a(Timer.o)
 .debug_frame   0x00000944      0x168 .\CortexM3\ARM_GCC_441\Debug\STRDS.a(MAD_1_theACLK.o)
 .debug_frame   0x00000aac      0x6b8 .\CortexM3\ARM_GCC_441\Debug\STRDS.a(CyLib.o)
 .debug_frame   0x00001164      0x25c .\CortexM3\ARM_GCC_441\Debug\STRDS.a(cyPm.o)
 .debug_frame   0x000013c0      0x208 .\CortexM3\ARM_GCC_441\Debug\STRDS.a(MAD_2.o)
 .debug_frame   0x000015c8       0x2c .\CortexM3\ARM_GCC_441\Debug\STRDS.a(MAD_2_INT.o)
 .debug_frame   0x000015f4      0x168 .\CortexM3\ARM_GCC_441\Debug\STRDS.a(MAD_2_theACLK.o)
 .debug_frame   0x0000175c       0x80 .\CortexM3\ARM_GCC_441\Debug\STRDS.a(PINO_PROCESSAMENTO.o)
 .debug_frame   0x000017dc      0x158 .\CortexM3\ARM_GCC_441\Debug\STRDS.a(cyfitter_cfg.o)
 .debug_frame   0x00001934      0x140 .\CortexM3\ARM_GCC_441\Debug\STRDS.a(CyFlash.o)
 .debug_frame   0x00001a74      0x13c .\CortexM3\ARM_GCC_441\Debug\STRDS.a(CySpc.o)
 .debug_frame   0x00001bb0       0x34 c:/program files (x86)/cypress/psoc creator/2.2/psoc creator/import/gnu_cs/arm/4.4.1/bin/../lib/gcc/arm-none-eabi/4.4.1/../../../../arm-none-eabi/lib/thumb2\libm.a(lib_a-s_sin.o)
 .debug_frame   0x00001be4       0x3c c:/program files (x86)/cypress/psoc creator/2.2/psoc creator/import/gnu_cs/arm/4.4.1/bin/../lib/gcc/arm-none-eabi/4.4.1/../../../../arm-none-eabi/lib/thumb2\libm.a(lib_a-e_rem_pio2.o)
 .debug_frame   0x00001c20       0x3c c:/program files (x86)/cypress/psoc creator/2.2/psoc creator/import/gnu_cs/arm/4.4.1/bin/../lib/gcc/arm-none-eabi/4.4.1/../../../../arm-none-eabi/lib/thumb2\libm.a(lib_a-k_cos.o)
 .debug_frame   0x00001c5c       0x3c c:/program files (x86)/cypress/psoc creator/2.2/psoc creator/import/gnu_cs/arm/4.4.1/bin/../lib/gcc/arm-none-eabi/4.4.1/../../../../arm-none-eabi/lib/thumb2\libm.a(lib_a-k_rem_pio2.o)
 .debug_frame   0x00001c98       0x3c c:/program files (x86)/cypress/psoc creator/2.2/psoc creator/import/gnu_cs/arm/4.4.1/bin/../lib/gcc/arm-none-eabi/4.4.1/../../../../arm-none-eabi/lib/thumb2\libm.a(lib_a-k_sin.o)
 .debug_frame   0x00001cd4       0x20 c:/program files (x86)/cypress/psoc creator/2.2/psoc creator/import/gnu_cs/arm/4.4.1/bin/../lib/gcc/arm-none-eabi/4.4.1/../../../../arm-none-eabi/lib/thumb2\libm.a(lib_a-s_fabs.o)
 .debug_frame   0x00001cf4       0x34 c:/program files (x86)/cypress/psoc creator/2.2/psoc creator/import/gnu_cs/arm/4.4.1/bin/../lib/gcc/arm-none-eabi/4.4.1/../../../../arm-none-eabi/lib/thumb2\libm.a(lib_a-s_floor.o)
 .debug_frame   0x00001d28       0x30 c:/program files (x86)/cypress/psoc creator/2.2/psoc creator/import/gnu_cs/arm/4.4.1/bin/../lib/gcc/arm-none-eabi/4.4.1/../../../../arm-none-eabi/lib/thumb2\libm.a(lib_a-s_scalbn.o)
 .debug_frame   0x00001d58       0x28 c:/program files (x86)/cypress/psoc creator/2.2/psoc creator/import/gnu_cs/arm/4.4.1/bin/../lib/gcc/arm-none-eabi/4.4.1/../../../../arm-none-eabi/lib/thumb2\libm.a(lib_a-s_copysign.o)
 .debug_frame   0x00001d80       0x20 c:/program files (x86)/cypress/psoc creator/2.2/psoc creator/import/gnu_cs/arm/4.4.1/bin/../lib/gcc/arm-none-eabi/4.4.1/thumb2\libgcc.a(_divsi3.o)
 .debug_frame   0x00001da0       0x34 c:/program files (x86)/cypress/psoc creator/2.2/psoc creator/import/gnu_cs/arm/4.4.1/bin/../lib/gcc/arm-none-eabi/4.4.1/../../../../arm-none-eabi/lib/thumb2\libc.a(lib_a-memcpy.o)
 .debug_frame   0x00001dd4       0x28 c:/program files (x86)/cypress/psoc creator/2.2/psoc creator/import/gnu_cs/arm/4.4.1/bin/../lib/gcc/arm-none-eabi/4.4.1/../../../../arm-none-eabi/lib/thumb2\libc.a(lib_a-memset.o)
 .debug_frame   0x00001dfc       0x5c c:/program files (x86)/cypress/psoc creator/2.2/psoc creator/import/gnu_cs/arm/4.4.1/bin/../lib/gcc/arm-none-eabi/4.4.1/../../../../arm-none-eabi/lib/thumb2\libc.a(lib_a-sprintf.o)
 .debug_frame   0x00001e58       0x68 c:/program files (x86)/cypress/psoc creator/2.2/psoc creator/import/gnu_cs/arm/4.4.1/bin/../lib/gcc/arm-none-eabi/4.4.1/../../../../arm-none-eabi/lib/thumb2\libc.a(lib_a-svfprintf.o)
 .debug_frame   0x00001ec0       0x64 c:/program files (x86)/cypress/psoc creator/2.2/psoc creator/import/gnu_cs/arm/4.4.1/bin/../lib/gcc/arm-none-eabi/4.4.1/../../../../arm-none-eabi/lib/thumb2\libc.a(lib_a-dtoa.o)
 .debug_frame   0x00001f24       0x50 c:/program files (x86)/cypress/psoc creator/2.2/psoc creator/import/gnu_cs/arm/4.4.1/bin/../lib/gcc/arm-none-eabi/4.4.1/../../../../arm-none-eabi/lib/thumb2\libc.a(lib_a-freer.o)
 .debug_frame   0x00001f74       0x6c c:/program files (x86)/cypress/psoc creator/2.2/psoc creator/import/gnu_cs/arm/4.4.1/bin/../lib/gcc/arm-none-eabi/4.4.1/../../../../arm-none-eabi/lib/thumb2\libc.a(lib_a-locale.o)
 .debug_frame   0x00001fe0       0x30 c:/program files (x86)/cypress/psoc creator/2.2/psoc creator/import/gnu_cs/arm/4.4.1/bin/../lib/gcc/arm-none-eabi/4.4.1/../../../../arm-none-eabi/lib/thumb2\libc.a(lib_a-malloc.o)
 .debug_frame   0x00002010       0x3c c:/program files (x86)/cypress/psoc creator/2.2/psoc creator/import/gnu_cs/arm/4.4.1/bin/../lib/gcc/arm-none-eabi/4.4.1/../../../../arm-none-eabi/lib/thumb2\libc.a(lib_a-mallocr.o)
 .debug_frame   0x0000204c       0x28 c:/program files (x86)/cypress/psoc creator/2.2/psoc creator/import/gnu_cs/arm/4.4.1/bin/../lib/gcc/arm-none-eabi/4.4.1/../../../../arm-none-eabi/lib/thumb2\libc.a(lib_a-memchr.o)
 .debug_frame   0x00002074       0x2c c:/program files (x86)/cypress/psoc creator/2.2/psoc creator/import/gnu_cs/arm/4.4.1/bin/../lib/gcc/arm-none-eabi/4.4.1/../../../../arm-none-eabi/lib/thumb2\libc.a(lib_a-memmove.o)
 .debug_frame   0x000020a0       0x30 c:/program files (x86)/cypress/psoc creator/2.2/psoc creator/import/gnu_cs/arm/4.4.1/bin/../lib/gcc/arm-none-eabi/4.4.1/../../../../arm-none-eabi/lib/thumb2\libc.a(lib_a-mlock.o)
 .debug_frame   0x000020d0      0x240 c:/program files (x86)/cypress/psoc creator/2.2/psoc creator/import/gnu_cs/arm/4.4.1/bin/../lib/gcc/arm-none-eabi/4.4.1/../../../../arm-none-eabi/lib/thumb2\libc.a(lib_a-mprec.o)
 .debug_frame   0x00002310       0x3c c:/program files (x86)/cypress/psoc creator/2.2/psoc creator/import/gnu_cs/arm/4.4.1/bin/../lib/gcc/arm-none-eabi/4.4.1/../../../../arm-none-eabi/lib/thumb2\libc.a(lib_a-reallocr.o)
 .debug_frame   0x0000234c       0x20 c:/program files (x86)/cypress/psoc creator/2.2/psoc creator/import/gnu_cs/arm/4.4.1/bin/../lib/gcc/arm-none-eabi/4.4.1/../../../../arm-none-eabi/lib/thumb2\libc.a(lib_a-s_isinfd.o)
 .debug_frame   0x0000236c       0x20 c:/program files (x86)/cypress/psoc creator/2.2/psoc creator/import/gnu_cs/arm/4.4.1/bin/../lib/gcc/arm-none-eabi/4.4.1/../../../../arm-none-eabi/lib/thumb2\libc.a(lib_a-s_isnand.o)
 .debug_frame   0x0000238c       0x2c c:/program files (x86)/cypress/psoc creator/2.2/psoc creator/import/gnu_cs/arm/4.4.1/bin/../lib/gcc/arm-none-eabi/4.4.1/../../../../arm-none-eabi/lib/thumb2\libc.a(lib_a-sbrkr.o)
 .debug_frame   0x000023b8       0x30 c:/program files (x86)/cypress/psoc creator/2.2/psoc creator/import/gnu_cs/arm/4.4.1/bin/../lib/gcc/arm-none-eabi/4.4.1/../../../../arm-none-eabi/lib/thumb2\libc.a(lib_a-strcmp.o)
 .debug_frame   0x000023e8       0x20 c:/program files (x86)/cypress/psoc creator/2.2/psoc creator/import/gnu_cs/arm/4.4.1/bin/../lib/gcc/arm-none-eabi/4.4.1/../../../../arm-none-eabi/lib/thumb2\libc.a(lib_a-strlen.o)
 .debug_frame   0x00002408       0x2c c:/program files (x86)/cypress/psoc creator/2.2/psoc creator/import/gnu_cs/arm/4.4.1/bin/../lib/gcc/arm-none-eabi/4.4.1/../../../../arm-none-eabi/lib/thumb2\libc.a(lib_a-callocr.o)
 .debug_frame   0x00002434       0x64 c:/program files (x86)/cypress/psoc creator/2.2/psoc creator/import/gnu_cs/arm/4.4.1/bin/../lib/gcc/arm-none-eabi/4.4.1/../../../../arm-none-eabi/lib/thumb2\libc.a(lib_a-reent.o)
 .debug_frame   0x00002498       0x20 c:/program files (x86)/cypress/psoc creator/2.2/psoc creator/import/gnu_cs/arm/4.4.1/bin/../lib/gcc/arm-none-eabi/4.4.1/thumb2\libgcc.a(_udivsi3.o)
 .debug_frame   0x000024b8       0x50 c:/program files (x86)/cypress/psoc creator/2.2/psoc creator/import/gnu_cs/arm/4.4.1/bin/../lib/gcc/arm-none-eabi/4.4.1/thumb2\libgcc.a(bpabi.o)
 .debug_frame   0x00002508       0x3c c:/program files (x86)/cypress/psoc creator/2.2/psoc creator/import/gnu_cs/arm/4.4.1/bin/../lib/gcc/arm-none-eabi/4.4.1/thumb2\libgcc.a(_divdi3.o)
 .debug_frame   0x00002544       0x3c c:/program files (x86)/cypress/psoc creator/2.2/psoc creator/import/gnu_cs/arm/4.4.1/bin/../lib/gcc/arm-none-eabi/4.4.1/thumb2\libgcc.a(_udivdi3.o)
 .debug_frame   0x00002580       0x40 c:/program files (x86)/cypress/psoc creator/2.2/psoc creator/import/gnu_cs/arm/4.4.1/bin/../lib/gcc/arm-none-eabi/4.4.1/../../../../arm-none-eabi/lib/thumb2\libcs3.a(start_c.o)
 .debug_frame   0x000025c0       0x28 c:/program files (x86)/cypress/psoc creator/2.2/psoc creator/import/gnu_cs/arm/4.4.1/bin/../lib/gcc/arm-none-eabi/4.4.1/../../../../arm-none-eabi/lib/thumb2\libcs3unhosted.a(unhosted-sbrk.o)
 .debug_frame   0x000025e8       0x20 c:/program files (x86)/cypress/psoc creator/2.2/psoc creator/import/gnu_cs/arm/4.4.1/bin/../lib/gcc/arm-none-eabi/4.4.1/../../../../arm-none-eabi/lib/thumb2\libc.a(lib_a-errno.o)
 .debug_frame   0x00002608       0x2c c:/program files (x86)/cypress/psoc creator/2.2/psoc creator/import/gnu_cs/arm/4.4.1/bin/../lib/gcc/arm-none-eabi/4.4.1/../../../../arm-none-eabi/lib/thumb2\libc.a(lib_a-init.o)

.debug_str      0x00000000     0x1b30
 *(.debug_str)
 .debug_str     0x00000000      0x152 .\CortexM3\ARM_GCC_441\Debug\main.o
                                0x192 (size before relaxing)
 .debug_str     0x00000152       0x9b .\CortexM3\ARM_GCC_441\Debug\Cm3Start.o
                                0x199 (size before relaxing)
 .debug_str     0x000001ed      0x162 .\CortexM3\ARM_GCC_441\Debug\STRDS.a(LCD.o)
                                0x272 (size before relaxing)
 .debug_str     0x0000034f       0xf7 .\CortexM3\ARM_GCC_441\Debug\STRDS.a(MSG_1.o)
                                0x207 (size before relaxing)
 .debug_str     0x00000446      0x1d8 .\CortexM3\ARM_GCC_441\Debug\STRDS.a(MAD_1.o)
                                0x315 (size before relaxing)
 .debug_str     0x0000061e       0x2f .\CortexM3\ARM_GCC_441\Debug\STRDS.a(MAD_1_INT.o)
                                0x127 (size before relaxing)
 .debug_str     0x0000064d      0x100 .\CortexM3\ARM_GCC_441\Debug\STRDS.a(isr_1.o)
                                0x213 (size before relaxing)
 .debug_str     0x0000074d      0x164 .\CortexM3\ARM_GCC_441\Debug\STRDS.a(Timer.o)
                                0x269 (size before relaxing)
 .debug_str     0x000008b1      0x1e9 .\CortexM3\ARM_GCC_441\Debug\STRDS.a(MAD_1_theACLK.o)
                                0x2ee (size before relaxing)
 .debug_str     0x00000a9a      0x590 .\CortexM3\ARM_GCC_441\Debug\STRDS.a(CyLib.o)
                                0x6f8 (size before relaxing)
 .debug_str     0x0000102a      0x3bd .\CortexM3\ARM_GCC_441\Debug\STRDS.a(cyPm.o)
                                0x4d6 (size before relaxing)
 .debug_str     0x000013e7      0x18b .\CortexM3\ARM_GCC_441\Debug\STRDS.a(MAD_2.o)
                                0x315 (size before relaxing)
 .debug_str     0x00001572       0x2f .\CortexM3\ARM_GCC_441\Debug\STRDS.a(MAD_2_INT.o)
                                0x127 (size before relaxing)
 .debug_str     0x000015a1      0x187 .\CortexM3\ARM_GCC_441\Debug\STRDS.a(MAD_2_theACLK.o)
                                0x2ee (size before relaxing)
 .debug_str     0x00001728       0xa9 .\CortexM3\ARM_GCC_441\Debug\STRDS.a(PINO_PROCESSAMENTO.o)
                                0x1b2 (size before relaxing)
 .debug_str     0x000017d1      0x147 .\CortexM3\ARM_GCC_441\Debug\STRDS.a(cyfitter_cfg.o)
                                0x276 (size before relaxing)
 .debug_str     0x00001918      0x113 .\CortexM3\ARM_GCC_441\Debug\STRDS.a(CyFlash.o)
                                0x24a (size before relaxing)
 .debug_str     0x00001a2b      0x105 .\CortexM3\ARM_GCC_441\Debug\STRDS.a(CySpc.o)
                                0x23d (size before relaxing)

.debug_loc      0x00000000     0x2cf1
 *(.debug_loc)
 .debug_loc     0x00000000       0xf1 .\CortexM3\ARM_GCC_441\Debug\main.o
 .debug_loc     0x000000f1       0x62 .\CortexM3\ARM_GCC_441\Debug\Cm3Start.o
 .debug_loc     0x00000153      0x309 .\CortexM3\ARM_GCC_441\Debug\STRDS.a(LCD.o)
 .debug_loc     0x0000045c      0x188 .\CortexM3\ARM_GCC_441\Debug\STRDS.a(MSG_1.o)
 .debug_loc     0x000005e4      0x377 .\CortexM3\ARM_GCC_441\Debug\STRDS.a(MAD_1.o)
 .debug_loc     0x0000095b       0x2b .\CortexM3\ARM_GCC_441\Debug\STRDS.a(MAD_1_INT.o)
 .debug_loc     0x00000986      0x26b .\CortexM3\ARM_GCC_441\Debug\STRDS.a(isr_1.o)
 .debug_loc     0x00000bf1      0x28a .\CortexM3\ARM_GCC_441\Debug\STRDS.a(Timer.o)
 .debug_loc     0x00000e7b      0x24c .\CortexM3\ARM_GCC_441\Debug\STRDS.a(MAD_1_theACLK.o)
 .debug_loc     0x000010c7      0xb67 .\CortexM3\ARM_GCC_441\Debug\STRDS.a(CyLib.o)
 .debug_loc     0x00001c2e      0x3b0 .\CortexM3\ARM_GCC_441\Debug\STRDS.a(cyPm.o)
 .debug_loc     0x00001fde      0x377 .\CortexM3\ARM_GCC_441\Debug\STRDS.a(MAD_2.o)
 .debug_loc     0x00002355       0x2b .\CortexM3\ARM_GCC_441\Debug\STRDS.a(MAD_2_INT.o)
 .debug_loc     0x00002380      0x24c .\CortexM3\ARM_GCC_441\Debug\STRDS.a(MAD_2_theACLK.o)
 .debug_loc     0x000025cc       0xc4 .\CortexM3\ARM_GCC_441\Debug\STRDS.a(PINO_PROCESSAMENTO.o)
 .debug_loc     0x00002690      0x245 .\CortexM3\ARM_GCC_441\Debug\STRDS.a(cyfitter_cfg.o)
 .debug_loc     0x000028d5      0x1f6 .\CortexM3\ARM_GCC_441\Debug\STRDS.a(CyFlash.o)
 .debug_loc     0x00002acb      0x226 .\CortexM3\ARM_GCC_441\Debug\STRDS.a(CySpc.o)

.debug_macinfo
 *(.debug_macinfo)

.debug_ranges   0x00000000      0x850
 *(.debug_ranges)
 .debug_ranges  0x00000000       0x38 .\CortexM3\ARM_GCC_441\Debug\main.o
 .debug_ranges  0x00000038       0x28 .\CortexM3\ARM_GCC_441\Debug\Cm3Start.o
 .debug_ranges  0x00000060       0x88 .\CortexM3\ARM_GCC_441\Debug\STRDS.a(LCD.o)
 .debug_ranges  0x000000e8       0x50 .\CortexM3\ARM_GCC_441\Debug\STRDS.a(MSG_1.o)
 .debug_ranges  0x00000138       0x98 .\CortexM3\ARM_GCC_441\Debug\STRDS.a(MAD_1.o)
 .debug_ranges  0x000001d0       0x18 .\CortexM3\ARM_GCC_441\Debug\STRDS.a(MAD_1_INT.o)
 .debug_ranges  0x000001e8       0x78 .\CortexM3\ARM_GCC_441\Debug\STRDS.a(isr_1.o)
 .debug_ranges  0x00000260       0x80 .\CortexM3\ARM_GCC_441\Debug\STRDS.a(Timer.o)
 .debug_ranges  0x000002e0       0x70 .\CortexM3\ARM_GCC_441\Debug\STRDS.a(MAD_1_theACLK.o)
 .debug_ranges  0x00000350      0x1d8 .\CortexM3\ARM_GCC_441\Debug\STRDS.a(CyLib.o)
 .debug_ranges  0x00000528       0xb0 .\CortexM3\ARM_GCC_441\Debug\STRDS.a(cyPm.o)
 .debug_ranges  0x000005d8       0x98 .\CortexM3\ARM_GCC_441\Debug\STRDS.a(MAD_2.o)
 .debug_ranges  0x00000670       0x18 .\CortexM3\ARM_GCC_441\Debug\STRDS.a(MAD_2_INT.o)
 .debug_ranges  0x00000688       0x70 .\CortexM3\ARM_GCC_441\Debug\STRDS.a(MAD_2_theACLK.o)
 .debug_ranges  0x000006f8       0x30 .\CortexM3\ARM_GCC_441\Debug\STRDS.a(PINO_PROCESSAMENTO.o)
 .debug_ranges  0x00000728       0x68 .\CortexM3\ARM_GCC_441\Debug\STRDS.a(cyfitter_cfg.o)
 .debug_ranges  0x00000790       0x60 .\CortexM3\ARM_GCC_441\Debug\STRDS.a(CyFlash.o)
 .debug_ranges  0x000007f0       0x60 .\CortexM3\ARM_GCC_441\Debug\STRDS.a(CySpc.o)

.debug_weaknames
 *(.debug_weaknames)

.debug_funcnames
 *(.debug_funcnames)

.debug_typenames
 *(.debug_typenames)

.debug_varnames
 *(.debug_varnames)

.note.gnu.arm.ident
 *(.note.gnu.arm.ident)

.ARM.attributes
                0x00000000       0x25
 *(.ARM.attributes)
 .ARM.attributes
                0x00000000       0x19 c:/program files (x86)/cypress/psoc creator/2.2/psoc creator/import/gnu_cs/arm/4.4.1/bin/../lib/gcc/arm-none-eabi/4.4.1/thumb2/crti.o
 .ARM.attributes
                0x00000019       0x29 c:/program files (x86)/cypress/psoc creator/2.2/psoc creator/import/gnu_cs/arm/4.4.1/bin/../lib/gcc/arm-none-eabi/4.4.1/thumb2/crtbegin.o
 .ARM.attributes
                0x00000042       0x31 .\CortexM3\ARM_GCC_441\Debug\main.o
 .ARM.attributes
                0x00000073       0x31 .\CortexM3\ARM_GCC_441\Debug\Cm3Start.o
 .ARM.attributes
                0x000000a4       0x31 .\CortexM3\ARM_GCC_441\Debug\STRDS.a(LCD.o)
 .ARM.attributes
                0x000000d5       0x31 .\CortexM3\ARM_GCC_441\Debug\STRDS.a(MSG_1.o)
 .ARM.attributes
                0x00000106       0x31 .\CortexM3\ARM_GCC_441\Debug\STRDS.a(MAD_1.o)
 .ARM.attributes
                0x00000137       0x31 .\CortexM3\ARM_GCC_441\Debug\STRDS.a(MAD_1_INT.o)
 .ARM.attributes
                0x00000168       0x31 .\CortexM3\ARM_GCC_441\Debug\STRDS.a(isr_1.o)
 .ARM.attributes
                0x00000199       0x31 .\CortexM3\ARM_GCC_441\Debug\STRDS.a(Timer.o)
 .ARM.attributes
                0x000001ca       0x31 .\CortexM3\ARM_GCC_441\Debug\STRDS.a(MAD_1_theACLK.o)
 .ARM.attributes
                0x000001fb       0x21 .\CortexM3\ARM_GCC_441\Debug\STRDS.a(CyBootAsmGnu.o)
 .ARM.attributes
                0x0000021c       0x31 .\CortexM3\ARM_GCC_441\Debug\STRDS.a(CyLib.o)
 .ARM.attributes
                0x0000024d       0x31 .\CortexM3\ARM_GCC_441\Debug\STRDS.a(cyPm.o)
 .ARM.attributes
                0x0000027e       0x31 .\CortexM3\ARM_GCC_441\Debug\STRDS.a(MAD_2.o)
 .ARM.attributes
                0x000002af       0x31 .\CortexM3\ARM_GCC_441\Debug\STRDS.a(MAD_2_INT.o)
 .ARM.attributes
                0x000002e0       0x31 .\CortexM3\ARM_GCC_441\Debug\STRDS.a(MAD_2_theACLK.o)
 .ARM.attributes
                0x00000311       0x31 .\CortexM3\ARM_GCC_441\Debug\STRDS.a(PINO_PROCESSAMENTO.o)
 .ARM.attributes
                0x00000342       0x31 .\CortexM3\ARM_GCC_441\Debug\STRDS.a(cyfitter_cfg.o)
 .ARM.attributes
                0x00000373       0x31 .\CortexM3\ARM_GCC_441\Debug\STRDS.a(CyFlash.o)
 .ARM.attributes
                0x000003a4       0x31 .\CortexM3\ARM_GCC_441\Debug\STRDS.a(CySpc.o)
 .ARM.attributes
                0x000003d5       0x29 c:/program files (x86)/cypress/psoc creator/2.2/psoc creator/import/gnu_cs/arm/4.4.1/bin/../lib/gcc/arm-none-eabi/4.4.1/../../../../arm-none-eabi/lib/thumb2\libm.a(lib_a-s_sin.o)
 .ARM.attributes
                0x000003fe       0x29 c:/program files (x86)/cypress/psoc creator/2.2/psoc creator/import/gnu_cs/arm/4.4.1/bin/../lib/gcc/arm-none-eabi/4.4.1/../../../../arm-none-eabi/lib/thumb2\libm.a(lib_a-e_rem_pio2.o)
 .ARM.attributes
                0x00000427       0x29 c:/program files (x86)/cypress/psoc creator/2.2/psoc creator/import/gnu_cs/arm/4.4.1/bin/../lib/gcc/arm-none-eabi/4.4.1/../../../../arm-none-eabi/lib/thumb2\libm.a(lib_a-k_cos.o)
 .ARM.attributes
                0x00000450       0x29 c:/program files (x86)/cypress/psoc creator/2.2/psoc creator/import/gnu_cs/arm/4.4.1/bin/../lib/gcc/arm-none-eabi/4.4.1/../../../../arm-none-eabi/lib/thumb2\libm.a(lib_a-k_rem_pio2.o)
 .ARM.attributes
                0x00000479       0x29 c:/program files (x86)/cypress/psoc creator/2.2/psoc creator/import/gnu_cs/arm/4.4.1/bin/../lib/gcc/arm-none-eabi/4.4.1/../../../../arm-none-eabi/lib/thumb2\libm.a(lib_a-k_sin.o)
 .ARM.attributes
                0x000004a2       0x29 c:/program files (x86)/cypress/psoc creator/2.2/psoc creator/import/gnu_cs/arm/4.4.1/bin/../lib/gcc/arm-none-eabi/4.4.1/../../../../arm-none-eabi/lib/thumb2\libm.a(lib_a-s_fabs.o)
 .ARM.attributes
                0x000004cb       0x29 c:/program files (x86)/cypress/psoc creator/2.2/psoc creator/import/gnu_cs/arm/4.4.1/bin/../lib/gcc/arm-none-eabi/4.4.1/../../../../arm-none-eabi/lib/thumb2\libm.a(lib_a-s_floor.o)
 .ARM.attributes
                0x000004f4       0x29 c:/program files (x86)/cypress/psoc creator/2.2/psoc creator/import/gnu_cs/arm/4.4.1/bin/../lib/gcc/arm-none-eabi/4.4.1/../../../../arm-none-eabi/lib/thumb2\libm.a(lib_a-s_scalbn.o)
 .ARM.attributes
                0x0000051d       0x29 c:/program files (x86)/cypress/psoc creator/2.2/psoc creator/import/gnu_cs/arm/4.4.1/bin/../lib/gcc/arm-none-eabi/4.4.1/../../../../arm-none-eabi/lib/thumb2\libm.a(lib_a-s_copysign.o)
 .ARM.attributes
                0x00000546       0x1b c:/program files (x86)/cypress/psoc creator/2.2/psoc creator/import/gnu_cs/arm/4.4.1/bin/../lib/gcc/arm-none-eabi/4.4.1/thumb2\libgcc.a(_divsi3.o)
 .ARM.attributes
                0x00000561       0x1b c:/program files (x86)/cypress/psoc creator/2.2/psoc creator/import/gnu_cs/arm/4.4.1/bin/../lib/gcc/arm-none-eabi/4.4.1/thumb2\libgcc.a(_dvmd_tls.o)
 .ARM.attributes
                0x0000057c       0x1b c:/program files (x86)/cypress/psoc creator/2.2/psoc creator/import/gnu_cs/arm/4.4.1/bin/../lib/gcc/arm-none-eabi/4.4.1/thumb2\libgcc.a(_arm_addsubdf3.o)
 .ARM.attributes
                0x00000597       0x1b c:/program files (x86)/cypress/psoc creator/2.2/psoc creator/import/gnu_cs/arm/4.4.1/bin/../lib/gcc/arm-none-eabi/4.4.1/thumb2\libgcc.a(_arm_muldivdf3.o)
 .ARM.attributes
                0x000005b2       0x1b c:/program files (x86)/cypress/psoc creator/2.2/psoc creator/import/gnu_cs/arm/4.4.1/bin/../lib/gcc/arm-none-eabi/4.4.1/thumb2\libgcc.a(_arm_cmpdf2.o)
 .ARM.attributes
                0x000005cd       0x1b c:/program files (x86)/cypress/psoc creator/2.2/psoc creator/import/gnu_cs/arm/4.4.1/bin/../lib/gcc/arm-none-eabi/4.4.1/thumb2\libgcc.a(_arm_fixdfsi.o)
 .ARM.attributes
                0x000005e8       0x1b c:/program files (x86)/cypress/psoc creator/2.2/psoc creator/import/gnu_cs/arm/4.4.1/bin/../lib/gcc/arm-none-eabi/4.4.1/thumb2\libgcc.a(_arm_fixunsdfsi.o)
 .ARM.attributes
                0x00000603       0x1b c:/program files (x86)/cypress/psoc creator/2.2/psoc creator/import/gnu_cs/arm/4.4.1/bin/../lib/gcc/arm-none-eabi/4.4.1/thumb2\libgcc.a(_arm_truncdfsf2.o)
 .ARM.attributes
                0x0000061e       0x1b c:/program files (x86)/cypress/psoc creator/2.2/psoc creator/import/gnu_cs/arm/4.4.1/bin/../lib/gcc/arm-none-eabi/4.4.1/thumb2\libgcc.a(_arm_addsubsf3.o)
 .ARM.attributes
                0x00000639       0x1b c:/program files (x86)/cypress/psoc creator/2.2/psoc creator/import/gnu_cs/arm/4.4.1/bin/../lib/gcc/arm-none-eabi/4.4.1/thumb2\libgcc.a(_arm_muldivsf3.o)
 .ARM.attributes
                0x00000654       0x1b c:/program files (x86)/cypress/psoc creator/2.2/psoc creator/import/gnu_cs/arm/4.4.1/bin/../lib/gcc/arm-none-eabi/4.4.1/thumb2\libgcc.a(_arm_cmpsf2.o)
 .ARM.attributes
                0x0000066f       0x1b c:/program files (x86)/cypress/psoc creator/2.2/psoc creator/import/gnu_cs/arm/4.4.1/bin/../lib/gcc/arm-none-eabi/4.4.1/thumb2\libgcc.a(_arm_fixunssfsi.o)
 .ARM.attributes
                0x0000068a       0x29 c:/program files (x86)/cypress/psoc creator/2.2/psoc creator/import/gnu_cs/arm/4.4.1/bin/../lib/gcc/arm-none-eabi/4.4.1/../../../../arm-none-eabi/lib/thumb2\libc.a(lib_a-memcpy.o)
 .ARM.attributes
                0x000006b3       0x29 c:/program files (x86)/cypress/psoc creator/2.2/psoc creator/import/gnu_cs/arm/4.4.1/bin/../lib/gcc/arm-none-eabi/4.4.1/../../../../arm-none-eabi/lib/thumb2\libc.a(lib_a-memset.o)
 .ARM.attributes
                0x000006dc       0x29 c:/program files (x86)/cypress/psoc creator/2.2/psoc creator/import/gnu_cs/arm/4.4.1/bin/../lib/gcc/arm-none-eabi/4.4.1/../../../../arm-none-eabi/lib/thumb2\libc.a(lib_a-sprintf.o)
 .ARM.attributes
                0x00000705       0x29 c:/program files (x86)/cypress/psoc creator/2.2/psoc creator/import/gnu_cs/arm/4.4.1/bin/../lib/gcc/arm-none-eabi/4.4.1/../../../../arm-none-eabi/lib/thumb2\libc.a(lib_a-svfprintf.o)
 .ARM.attributes
                0x0000072e       0x29 c:/program files (x86)/cypress/psoc creator/2.2/psoc creator/import/gnu_cs/arm/4.4.1/bin/../lib/gcc/arm-none-eabi/4.4.1/../../../../arm-none-eabi/lib/thumb2\libc.a(lib_a-dtoa.o)
 .ARM.attributes
                0x00000757       0x29 c:/program files (x86)/cypress/psoc creator/2.2/psoc creator/import/gnu_cs/arm/4.4.1/bin/../lib/gcc/arm-none-eabi/4.4.1/../../../../arm-none-eabi/lib/thumb2\libc.a(lib_a-freer.o)
 .ARM.attributes
                0x00000780       0x29 c:/program files (x86)/cypress/psoc creator/2.2/psoc creator/import/gnu_cs/arm/4.4.1/bin/../lib/gcc/arm-none-eabi/4.4.1/../../../../arm-none-eabi/lib/thumb2\libc.a(lib_a-impure.o)
 .ARM.attributes
                0x000007a9       0x29 c:/program files (x86)/cypress/psoc creator/2.2/psoc creator/import/gnu_cs/arm/4.4.1/bin/../lib/gcc/arm-none-eabi/4.4.1/../../../../arm-none-eabi/lib/thumb2\libc.a(lib_a-locale.o)
 .ARM.attributes
                0x000007d2       0x29 c:/program files (x86)/cypress/psoc creator/2.2/psoc creator/import/gnu_cs/arm/4.4.1/bin/../lib/gcc/arm-none-eabi/4.4.1/../../../../arm-none-eabi/lib/thumb2\libc.a(lib_a-malloc.o)
 .ARM.attributes
                0x000007fb       0x29 c:/program files (x86)/cypress/psoc creator/2.2/psoc creator/import/gnu_cs/arm/4.4.1/bin/../lib/gcc/arm-none-eabi/4.4.1/../../../../arm-none-eabi/lib/thumb2\libc.a(lib_a-mallocr.o)
 .ARM.attributes
                0x00000824       0x29 c:/program files (x86)/cypress/psoc creator/2.2/psoc creator/import/gnu_cs/arm/4.4.1/bin/../lib/gcc/arm-none-eabi/4.4.1/../../../../arm-none-eabi/lib/thumb2\libc.a(lib_a-memchr.o)
 .ARM.attributes
                0x0000084d       0x29 c:/program files (x86)/cypress/psoc creator/2.2/psoc creator/import/gnu_cs/arm/4.4.1/bin/../lib/gcc/arm-none-eabi/4.4.1/../../../../arm-none-eabi/lib/thumb2\libc.a(lib_a-memmove.o)
 .ARM.attributes
                0x00000876       0x29 c:/program files (x86)/cypress/psoc creator/2.2/psoc creator/import/gnu_cs/arm/4.4.1/bin/../lib/gcc/arm-none-eabi/4.4.1/../../../../arm-none-eabi/lib/thumb2\libc.a(lib_a-mlock.o)
 .ARM.attributes
                0x0000089f       0x29 c:/program files (x86)/cypress/psoc creator/2.2/psoc creator/import/gnu_cs/arm/4.4.1/bin/../lib/gcc/arm-none-eabi/4.4.1/../../../../arm-none-eabi/lib/thumb2\libc.a(lib_a-mprec.o)
 .ARM.attributes
                0x000008c8       0x29 c:/program files (x86)/cypress/psoc creator/2.2/psoc creator/import/gnu_cs/arm/4.4.1/bin/../lib/gcc/arm-none-eabi/4.4.1/../../../../arm-none-eabi/lib/thumb2\libc.a(lib_a-reallocr.o)
 .ARM.attributes
                0x000008f1       0x29 c:/program files (x86)/cypress/psoc creator/2.2/psoc creator/import/gnu_cs/arm/4.4.1/bin/../lib/gcc/arm-none-eabi/4.4.1/../../../../arm-none-eabi/lib/thumb2\libc.a(lib_a-s_isinfd.o)
 .ARM.attributes
                0x0000091a       0x29 c:/program files (x86)/cypress/psoc creator/2.2/psoc creator/import/gnu_cs/arm/4.4.1/bin/../lib/gcc/arm-none-eabi/4.4.1/../../../../arm-none-eabi/lib/thumb2\libc.a(lib_a-s_isnand.o)
 .ARM.attributes
                0x00000943       0x29 c:/program files (x86)/cypress/psoc creator/2.2/psoc creator/import/gnu_cs/arm/4.4.1/bin/../lib/gcc/arm-none-eabi/4.4.1/../../../../arm-none-eabi/lib/thumb2\libc.a(lib_a-sbrkr.o)
 .ARM.attributes
                0x0000096c       0x29 c:/program files (x86)/cypress/psoc creator/2.2/psoc creator/import/gnu_cs/arm/4.4.1/bin/../lib/gcc/arm-none-eabi/4.4.1/../../../../arm-none-eabi/lib/thumb2\libc.a(lib_a-strcmp.o)
 .ARM.attributes
                0x00000995       0x29 c:/program files (x86)/cypress/psoc creator/2.2/psoc creator/import/gnu_cs/arm/4.4.1/bin/../lib/gcc/arm-none-eabi/4.4.1/../../../../arm-none-eabi/lib/thumb2\libc.a(lib_a-strlen.o)
 .ARM.attributes
                0x000009be       0x29 c:/program files (x86)/cypress/psoc creator/2.2/psoc creator/import/gnu_cs/arm/4.4.1/bin/../lib/gcc/arm-none-eabi/4.4.1/../../../../arm-none-eabi/lib/thumb2\libc.a(lib_a-callocr.o)
 .ARM.attributes
                0x000009e7       0x29 c:/program files (x86)/cypress/psoc creator/2.2/psoc creator/import/gnu_cs/arm/4.4.1/bin/../lib/gcc/arm-none-eabi/4.4.1/../../../../arm-none-eabi/lib/thumb2\libc.a(lib_a-reent.o)
 .ARM.attributes
                0x00000a10       0x1b c:/program files (x86)/cypress/psoc creator/2.2/psoc creator/import/gnu_cs/arm/4.4.1/bin/../lib/gcc/arm-none-eabi/4.4.1/thumb2\libgcc.a(_udivsi3.o)
 .ARM.attributes
                0x00000a2b       0x1b c:/program files (x86)/cypress/psoc creator/2.2/psoc creator/import/gnu_cs/arm/4.4.1/bin/../lib/gcc/arm-none-eabi/4.4.1/thumb2\libgcc.a(_aeabi_uldivmod.o)
 .ARM.attributes
                0x00000a46       0x29 c:/program files (x86)/cypress/psoc creator/2.2/psoc creator/import/gnu_cs/arm/4.4.1/bin/../lib/gcc/arm-none-eabi/4.4.1/thumb2\libgcc.a(bpabi.o)
 .ARM.attributes
                0x00000a6f       0x29 c:/program files (x86)/cypress/psoc creator/2.2/psoc creator/import/gnu_cs/arm/4.4.1/bin/../lib/gcc/arm-none-eabi/4.4.1/thumb2\libgcc.a(_divdi3.o)
 .ARM.attributes
                0x00000a98       0x29 c:/program files (x86)/cypress/psoc creator/2.2/psoc creator/import/gnu_cs/arm/4.4.1/bin/../lib/gcc/arm-none-eabi/4.4.1/thumb2\libgcc.a(_udivdi3.o)
 .ARM.attributes
                0x00000ac1       0x29 c:/program files (x86)/cypress/psoc creator/2.2/psoc creator/import/gnu_cs/arm/4.4.1/bin/../lib/gcc/arm-none-eabi/4.4.1/thumb2/crtend.o
 .ARM.attributes
                0x00000aea       0x19 c:/program files (x86)/cypress/psoc creator/2.2/psoc creator/import/gnu_cs/arm/4.4.1/bin/../lib/gcc/arm-none-eabi/4.4.1/thumb2/crtn.o
 .ARM.attributes
                0x00000b03       0x29 c:/program files (x86)/cypress/psoc creator/2.2/psoc creator/import/gnu_cs/arm/4.4.1/bin/../lib/gcc/arm-none-eabi/4.4.1/../../../../arm-none-eabi/lib/thumb2\libcs3.a(start_c.o)
 .ARM.attributes
                0x00000b2c       0x29 c:/program files (x86)/cypress/psoc creator/2.2/psoc creator/import/gnu_cs/arm/4.4.1/bin/../lib/gcc/arm-none-eabi/4.4.1/../../../../arm-none-eabi/lib/thumb2\libcs3unhosted.a(unhosted-sbrk.o)
 .ARM.attributes
                0x00000b55       0x19 c:/program files (x86)/cypress/psoc creator/2.2/psoc creator/import/gnu_cs/arm/4.4.1/bin/../lib/gcc/arm-none-eabi/4.4.1/../../../../arm-none-eabi/lib/thumb2\libcs3micro.a(micro_isr_interrupt.o)
 .ARM.attributes
                0x00000b6e       0x29 c:/program files (x86)/cypress/psoc creator/2.2/psoc creator/import/gnu_cs/arm/4.4.1/bin/../lib/gcc/arm-none-eabi/4.4.1/../../../../arm-none-eabi/lib/thumb2\libc.a(lib_a-errno.o)
 .ARM.attributes
                0x00000b97       0x29 c:/program files (x86)/cypress/psoc creator/2.2/psoc creator/import/gnu_cs/arm/4.4.1/bin/../lib/gcc/arm-none-eabi/4.4.1/../../../../arm-none-eabi/lib/thumb2\libc.a(lib_a-init.o)
 .ARM.attributes
                0x00000bc0       0x29 c:/program files (x86)/cypress/psoc creator/2.2/psoc creator/import/gnu_cs/arm/4.4.1/bin/../lib/gcc/arm-none-eabi/4.4.1/../../../../arm-none-eabi/lib/thumb2\libcs3.a(heap.o)

/DISCARD/
 *(.note.GNU-stack)
OUTPUT(.\CortexM3\ARM_GCC_441\Debug\STRDS.elf elf32-littlearm)
